Archive member included to satisfy reference by file (symbol)

/opt/arm-none-eabi/bin/../lib/gcc/arm-none-eabi/5.3.1/armv6-m/libgcc.a(_udivsi3.o)
                              ./Debug/ASF_sam0_drivers_sercom_i2c_i2c_sam0_i2c_master.c.o (__aeabi_uidiv)
/opt/arm-none-eabi/bin/../lib/gcc/arm-none-eabi/5.3.1/armv6-m/libgcc.a(_divsi3.o)
                              ./Debug/oled_gfx.c.o (__aeabi_idiv)
/opt/arm-none-eabi/bin/../lib/gcc/arm-none-eabi/5.3.1/armv6-m/libgcc.a(_dvmd_tls.o)
                              /opt/arm-none-eabi/bin/../lib/gcc/arm-none-eabi/5.3.1/armv6-m/libgcc.a(_udivsi3.o) (__aeabi_idiv0)
/opt/arm-none-eabi/bin/../lib/gcc/arm-none-eabi/5.3.1/armv6-m/libgcc.a(_arm_cmpsf2.o)
                              ./Debug/oled_gfx.c.o (__aeabi_fcmple)
/opt/arm-none-eabi/bin/../lib/gcc/arm-none-eabi/5.3.1/armv6-m/libgcc.a(_muldi3.o)
                              ./Debug/ASF_sam0_drivers_sercom_sercom.c.o (__aeabi_lmul)
/opt/arm-none-eabi/bin/../lib/gcc/arm-none-eabi/5.3.1/armv6-m/libgcc.a(_fixunssfsi.o)
                              ./Debug/oled_gfx.c.o (__aeabi_f2uiz)
/opt/arm-none-eabi/bin/../lib/gcc/arm-none-eabi/5.3.1/armv6-m/libgcc.a(_fixunsdfsi.o)
                              ./Debug/main.c.o (__aeabi_d2uiz)
/opt/arm-none-eabi/bin/../lib/gcc/arm-none-eabi/5.3.1/armv6-m/libgcc.a(addsf3.o)
                              ./Debug/oled_gfx.c.o (__aeabi_fadd)
/opt/arm-none-eabi/bin/../lib/gcc/arm-none-eabi/5.3.1/armv6-m/libgcc.a(divsf3.o)
                              ./Debug/oled_gfx.c.o (__aeabi_fdiv)
/opt/arm-none-eabi/bin/../lib/gcc/arm-none-eabi/5.3.1/armv6-m/libgcc.a(eqsf2.o)
                              /opt/arm-none-eabi/bin/../lib/gcc/arm-none-eabi/5.3.1/armv6-m/libgcc.a(_arm_cmpsf2.o) (__eqsf2)
/opt/arm-none-eabi/bin/../lib/gcc/arm-none-eabi/5.3.1/armv6-m/libgcc.a(gesf2.o)
                              /opt/arm-none-eabi/bin/../lib/gcc/arm-none-eabi/5.3.1/armv6-m/libgcc.a(_arm_cmpsf2.o) (__gesf2)
/opt/arm-none-eabi/bin/../lib/gcc/arm-none-eabi/5.3.1/armv6-m/libgcc.a(lesf2.o)
                              /opt/arm-none-eabi/bin/../lib/gcc/arm-none-eabi/5.3.1/armv6-m/libgcc.a(_arm_cmpsf2.o) (__lesf2)
/opt/arm-none-eabi/bin/../lib/gcc/arm-none-eabi/5.3.1/armv6-m/libgcc.a(mulsf3.o)
                              ./Debug/oled_gfx.c.o (__aeabi_fmul)
/opt/arm-none-eabi/bin/../lib/gcc/arm-none-eabi/5.3.1/armv6-m/libgcc.a(subsf3.o)
                              /opt/arm-none-eabi/bin/../lib/gcc/arm-none-eabi/5.3.1/armv6-m/libgcc.a(_fixunssfsi.o) (__aeabi_fsub)
/opt/arm-none-eabi/bin/../lib/gcc/arm-none-eabi/5.3.1/armv6-m/libgcc.a(fixsfsi.o)
                              ./Debug/oled_gfx.c.o (__aeabi_f2iz)
/opt/arm-none-eabi/bin/../lib/gcc/arm-none-eabi/5.3.1/armv6-m/libgcc.a(floatsisf.o)
                              ./Debug/oled_gfx.c.o (__aeabi_i2f)
/opt/arm-none-eabi/bin/../lib/gcc/arm-none-eabi/5.3.1/armv6-m/libgcc.a(floatunsisf.o)
                              ./Debug/oled_gfx.c.o (__aeabi_ui2f)
/opt/arm-none-eabi/bin/../lib/gcc/arm-none-eabi/5.3.1/armv6-m/libgcc.a(adddf3.o)
                              ./Debug/ASF_sam0_drivers_sercom_i2c_i2c_sam0_i2c_master.c.o (__aeabi_dadd)
/opt/arm-none-eabi/bin/../lib/gcc/arm-none-eabi/5.3.1/armv6-m/libgcc.a(divdf3.o)
                              ./Debug/main.c.o (__aeabi_ddiv)
/opt/arm-none-eabi/bin/../lib/gcc/arm-none-eabi/5.3.1/armv6-m/libgcc.a(muldf3.o)
                              ./Debug/ASF_sam0_drivers_sercom_i2c_i2c_sam0_i2c_master.c.o (__aeabi_dmul)
/opt/arm-none-eabi/bin/../lib/gcc/arm-none-eabi/5.3.1/armv6-m/libgcc.a(subdf3.o)
                              ./Debug/ASF_sam0_drivers_sercom_i2c_i2c_sam0_i2c_master.c.o (__aeabi_dsub)
/opt/arm-none-eabi/bin/../lib/gcc/arm-none-eabi/5.3.1/armv6-m/libgcc.a(fixdfsi.o)
                              ./Debug/ASF_sam0_drivers_sercom_i2c_i2c_sam0_i2c_master.c.o (__aeabi_d2iz)
/opt/arm-none-eabi/bin/../lib/gcc/arm-none-eabi/5.3.1/armv6-m/libgcc.a(floatsidf.o)
                              ./Debug/main.c.o (__aeabi_i2d)
/opt/arm-none-eabi/bin/../lib/gcc/arm-none-eabi/5.3.1/armv6-m/libgcc.a(floatunsidf.o)
                              ./Debug/ASF_sam0_drivers_sercom_i2c_i2c_sam0_i2c_master.c.o (__aeabi_ui2d)
/opt/arm-none-eabi/bin/../lib/gcc/arm-none-eabi/5.3.1/armv6-m/libgcc.a(_arm_cmpdf2.o)
                              /opt/arm-none-eabi/bin/../lib/gcc/arm-none-eabi/5.3.1/armv6-m/libgcc.a(_fixunsdfsi.o) (__aeabi_dcmpge)
/opt/arm-none-eabi/bin/../lib/gcc/arm-none-eabi/5.3.1/armv6-m/libgcc.a(_clzsi2.o)
                              /opt/arm-none-eabi/bin/../lib/gcc/arm-none-eabi/5.3.1/armv6-m/libgcc.a(addsf3.o) (__clzsi2)
/opt/arm-none-eabi/bin/../lib/gcc/arm-none-eabi/5.3.1/armv6-m/libgcc.a(eqdf2.o)
                              /opt/arm-none-eabi/bin/../lib/gcc/arm-none-eabi/5.3.1/armv6-m/libgcc.a(_arm_cmpdf2.o) (__eqdf2)
/opt/arm-none-eabi/bin/../lib/gcc/arm-none-eabi/5.3.1/armv6-m/libgcc.a(gedf2.o)
[...]
Memory Configuration

Name             Origin             Length             Attributes
rom              0x0000000000000000 0x0000000000010000 xr
ram              0x0000000020000000 0x0000000000002000 xrw
*default*        0x0000000000000000 0xffffffffffffffff

Linker script and memory map

LOAD /opt/arm-none-eabi/bin/../lib/gcc/arm-none-eabi/5.3.1/armv6-m/crti.o
LOAD /opt/arm-none-eabi/bin/../lib/gcc/arm-none-eabi/5.3.1/armv6-m/crtbegin.o
LOAD /opt/arm-none-eabi/bin/../lib/gcc/arm-none-eabi/5.3.1/../../../../arm-none-eabi/lib/armv6-m/crt0.o
LOAD ./Debug/oled_gfx.c.o
LOAD ./Debug/main.c.o
LOAD ./Debug/CFile1.c.o
LOAD ./Debug/ASF_sam0_drivers_port_port.c.o
LOAD ./Debug/ASF_sam0_drivers_sercom_sercom.c.o
LOAD ./Debug/ASF_sam0_drivers_system_system.c.o
LOAD ./Debug/ASF_sam0_boards_samda1_xplained_pro_board_init.c.o
LOAD ./Debug/ASF_common_utils_interrupt_interrupt_sam_nvic.c.o
LOAD ./Debug/ASF_sam0_drivers_system_pinmux_pinmux.c.o
LOAD ./Debug/ASF_sam0_drivers_system_interrupt_system_interrupt.c.o
LOAD ./Debug/ASF_sam0_utils_syscalls_gcc_syscalls.c.o
LOAD ./Debug/ASF_sam0_drivers_sercom_i2c_i2c_sam0_i2c_master.c.o
LOAD ./Debug/ASF_sam0_drivers_system_clock_clock_samd21_r21_da_clock.c.o
LOAD ./Debug/ASF_sam0_drivers_system_clock_clock_samd21_r21_da_gclk.c.o
LOAD ./Debug/ASF_sam0_utils_cmsis_samda1_source_system_samda1.c.o
LOAD ./Debug/ASF_sam0_utils_cmsis_samda1_source_gcc_startup_samda1.c.o
START GROUP
LOAD ASF/thirdparty/CMSIS/Lib/GCC/libarm_cortexM0l_math.a
LOAD /opt/arm-none-eabi/bin/../lib/gcc/arm-none-eabi/5.3.1/../../../../arm-none-eabi/lib/armv6-m/libm.a
END GROUP
START GROUP
LOAD /opt/arm-none-eabi/bin/../lib/gcc/arm-none-eabi/5.3.1/armv6-m/libgcc.a
LOAD /opt/arm-none-eabi/bin/../lib/gcc/arm-none-eabi/5.3.1/../../../../arm-none-eabi/lib/armv6-m/libc_nano.a
END GROUP
START GROUP
LOAD /opt/arm-none-eabi/bin/../lib/gcc/arm-none-eabi/5.3.1/armv6-m/libgcc.a
LOAD /opt/arm-none-eabi/bin/../lib/gcc/arm-none-eabi/5.3.1/../../../../arm-none-eabi/lib/armv6-m/libc_nano.a
END GROUP
LOAD /opt/arm-none-eabi/bin/../lib/gcc/arm-none-eabi/5.3.1/armv6-m/crtend.o
LOAD /opt/arm-none-eabi/bin/../lib/gcc/arm-none-eabi/5.3.1/armv6-m/crtn.o
                0x0000000000000800                STACK_SIZE = DEFINED (STACK_SIZE)?STACK_SIZE:DEFINED (__stack_size__)?__stack_size__:0x800

.text           0x0000000000000000     0x62dc
                0x0000000000000000                . = ALIGN (0x4)
                0x0000000000000000                _sfixed = .
 *(.vectors .vectors.*)
 .vectors       0x0000000000000000       0xb4 ./Debug/ASF_sam0_utils_cmsis_samda1_source_gcc_startup_samda1.c.o
                0x0000000000000000                exception_table
 *(.text .text.* .gnu.linkonce.t.*)
 .text          0x00000000000000b4       0x60 /opt/arm-none-eabi/bin/../lib/gcc/arm-none-eabi/5.3.1/armv6-m/crtbegin.o
 .text.i2c_master_is_syncing
                0x0000000000000114       0x24 ./Debug/oled_gfx.c.o
 .text._i2c_master_wait_for_sync
                0x0000000000000138       0x24 ./Debug/oled_gfx.c.o
 .text.i2c_master_get_config_defaults
                0x000000000000015c       0x84 ./Debug/oled_gfx.c.o
 .text.i2c_master_enable
                0x00000000000001e0       0x5c ./Debug/oled_gfx.c.o
 .text.OLED_bar_graph
                0x000000000000023c      0x2cc ./Debug/oled_gfx.c.o
                0x000000000000023c                OLED_bar_graph
 .text.put_pixel
                0x0000000000000508       0xdc ./Debug/oled_gfx.c.o
                0x0000000000000508                put_pixel
 .text.OLED_TIC_UPDATE
                0x00000000000005e4       0xc0 ./Debug/oled_gfx.c.o
                0x00000000000005e4                OLED_TIC_UPDATE
 .text.OLED_BUTTON
                0x00000000000006a4      0x314 ./Debug/oled_gfx.c.o
                0x00000000000006a4                OLED_BUTTON
 .text.configure_i2c_master
                0x00000000000009b8       0x48 ./Debug/oled_gfx.c.o
                0x00000000000009b8                configure_i2c_master
 .text.OLED_line
                0x0000000000000a00      0x274 ./Debug/oled_gfx.c.o
                0x0000000000000a00                OLED_line
 .text.OLED_UPDATE
                0x0000000000000c74       0xcc ./Debug/oled_gfx.c.o
                0x0000000000000c74                OLED_UPDATE
 .text.OLED_setup
                0x0000000000000d40       0x1c ./Debug/oled_gfx.c.o
                0x0000000000000d40                OLED_setup
 .text.OLED_data_packet
                0x0000000000000d5c       0x84 ./Debug/oled_gfx.c.o
                0x0000000000000d5c                OLED_data_packet
 .text.OLED_CLR
                0x0000000000000de0       0x60 ./Debug/oled_gfx.c.o
                0x0000000000000de0                OLED_CLR
 .text.OLED_FONT_SETUP
                0x0000000000000e40     0x105c ./Debug/oled_gfx.c.o
                0x0000000000000e40                OLED_FONT_SETUP
 .text.main     0x0000000000001e9c       0xb8 ./Debug/main.c.o
                0x0000000000001e9c                main
 .text.system_pinmux_get_config_defaults
                0x0000000000001f54       0x28 ./Debug/ASF_sam0_drivers_port_port.c.o
 .text.port_pin_set_config
                0x0000000000001f7c       0x60 ./Debug/ASF_sam0_drivers_port_port.c.o
                0x0000000000001f7c                port_pin_set_config
 .text.system_gclk_chan_get_config_defaults
                0x0000000000001fdc       0x18 ./Debug/ASF_sam0_drivers_sercom_sercom.c.o
 .text.sercom_set_gclk_generator
                0x0000000000001ff4       0x8c ./Debug/ASF_sam0_drivers_sercom_sercom.c.o
                0x0000000000001ff4                sercom_set_gclk_generator
 .text._sercom_get_default_pad
                0x0000000000002080      0x1bc ./Debug/ASF_sam0_drivers_sercom_sercom.c.o
                0x0000000000002080                _sercom_get_default_pad
 .text._sercom_get_sercom_inst_index
                0x000000000000223c       0x50 ./Debug/ASF_sam0_drivers_sercom_sercom.c.o
                0x000000000000223c                _sercom_get_sercom_inst_index
 .text._system_dummy_init
                0x000000000000228c        0xc ./Debug/ASF_sam0_drivers_system_system.c.o
                0x000000000000228c                _system_divas_init
                0x000000000000228c                _system_extint_init
                0x000000000000228c                _system_events_init
                0x000000000000228c                _system_dummy_init
 .text.system_init
                0x0000000000002298       0x34 ./Debug/ASF_sam0_drivers_system_system.c.o
                0x0000000000002298                system_init
 .text.system_pinmux_get_group_from_gpio_pin
                0x00000000000022cc       0x60 ./Debug/ASF_sam0_boards_samda1_xplained_pro_board_init.c.o
 .text.port_get_group_from_gpio_pin
                0x000000000000232c       0x24 ./Debug/ASF_sam0_boards_samda1_xplained_pro_board_init.c.o
 .text.port_get_config_defaults
                0x0000000000002350       0x24 ./Debug/ASF_sam0_boards_samda1_xplained_pro_board_init.c.o
 .text.port_pin_set_output_level
                0x0000000000002374       0x54 ./Debug/ASF_sam0_boards_samda1_xplained_pro_board_init.c.o
 .text.system_board_init
                0x00000000000023c8       0x50 ./Debug/ASF_sam0_boards_samda1_xplained_pro_board_init.c.o
                0x00000000000023c8                system_board_init
                0x00000000000023c8                board_init
 .text.cpu_irq_enter_critical
                0x0000000000002418       0x54 ./Debug/ASF_common_utils_interrupt_interrupt_sam_nvic.c.o
                0x0000000000002418                cpu_irq_enter_critical
 .text.cpu_irq_leave_critical
                0x000000000000246c       0x40 ./Debug/ASF_common_utils_interrupt_interrupt_sam_nvic.c.o
                0x000000000000246c                cpu_irq_leave_critical
 .text.system_pinmux_get_group_from_gpio_pin
                0x00000000000024ac       0x60 ./Debug/ASF_sam0_drivers_system_pinmux_pinmux.c.o
 .text._system_pinmux_config
                0x000000000000250c      0x110 ./Debug/ASF_sam0_drivers_system_pinmux_pinmux.c.o
 .text.system_pinmux_pin_set_config
                0x000000000000261c       0x48 ./Debug/ASF_sam0_drivers_system_pinmux_pinmux.c.o
                0x000000000000261c                system_pinmux_pin_set_config
 .text.system_gclk_chan_get_config_defaults
                0x0000000000002664       0x18 ./Debug/ASF_sam0_drivers_sercom_i2c_i2c_sam0_i2c_master.c.o
 .text.system_apb_clock_set_mask
                0x000000000000267c       0x5c ./Debug/ASF_sam0_drivers_sercom_i2c_i2c_sam0_i2c_master.c.o
 .text.system_pinmux_get_config_defaults
                0x00000000000026d8       0x28 ./Debug/ASF_sam0_drivers_sercom_i2c_i2c_sam0_i2c_master.c.o
 .text.system_is_debugger_present
                0x0000000000002700       0x20 ./Debug/ASF_sam0_drivers_sercom_i2c_i2c_sam0_i2c_master.c.o
 .text.i2c_master_is_syncing
                0x0000000000002720       0x24 ./Debug/ASF_sam0_drivers_sercom_i2c_i2c_sam0_i2c_master.c.o
 .text._i2c_master_wait_for_sync
                0x0000000000002744       0x24 ./Debug/ASF_sam0_drivers_sercom_i2c_i2c_sam0_i2c_master.c.o
 .text._i2c_master_set_config
                0x0000000000002768      0x3f4 ./Debug/ASF_sam0_drivers_sercom_i2c_i2c_sam0_i2c_master.c.o
 .text.i2c_master_init
                0x0000000000002b5c       0xd0 ./Debug/ASF_sam0_drivers_sercom_i2c_i2c_sam0_i2c_master.c.o
                0x0000000000002b5c                i2c_master_init
 .text._i2c_master_address_response
                0x0000000000002c2c       0x60 ./Debug/ASF_sam0_drivers_sercom_i2c_i2c_sam0_i2c_master.c.o
                0x0000000000002c2c                _i2c_master_address_response
 .text._i2c_master_wait_for_bus
                0x0000000000002c8c       0x60 ./Debug/ASF_sam0_drivers_sercom_i2c_i2c_sam0_i2c_master.c.o
                0x0000000000002c8c                _i2c_master_wait_for_bus
 .text._i2c_master_send_hs_master_code
                0x0000000000002cec       0x54 ./Debug/ASF_sam0_drivers_sercom_i2c_i2c_sam0_i2c_master.c.o
                0x0000000000002cec                _i2c_master_send_hs_master_code
 .text._i2c_master_write_packet
                0x0000000000002d40      0x178 ./Debug/ASF_sam0_drivers_sercom_i2c_i2c_sam0_i2c_master.c.o
 .text.i2c_master_write_packet_wait
                0x0000000000002eb8       0x30 ./Debug/ASF_sam0_drivers_sercom_i2c_i2c_sam0_i2c_master.c.o
                0x0000000000002eb8                i2c_master_write_packet_wait
 .text.system_gclk_gen_get_config_defaults
                0x0000000000002ee8       0x30 ./Debug/ASF_sam0_drivers_system_clock_clock_samd21_r21_da_clock.c.o
 .text.system_clock_source_osc8m_get_config_defaults
                0x0000000000002f18       0x24 ./Debug/ASF_sam0_drivers_system_clock_clock_samd21_r21_da_clock.c.o
 .text.system_cpu_clock_set_divider
                0x0000000000002f3c       0x20 ./Debug/ASF_sam0_drivers_system_clock_clock_samd21_r21_da_clock.c.o
 .text.system_apb_clock_set_divider
                0x0000000000002f5c       0x54 ./Debug/ASF_sam0_drivers_system_clock_clock_samd21_r21_da_clock.c.o
 .text.system_flash_set_waitstates
                0x0000000000002fb0       0x34 ./Debug/ASF_sam0_drivers_system_clock_clock_samd21_r21_da_clock.c.o
 .text._system_dfll_wait_for_sync
                0x0000000000002fe4       0x1c ./Debug/ASF_sam0_drivers_system_clock_clock_samd21_r21_da_clock.c.o
 .text._system_clock_source_dfll_set_config_errata_9905
                0x0000000000003000       0x44 ./Debug/ASF_sam0_drivers_system_clock_clock_samd21_r21_da_clock.c.o
 .text.system_clock_source_get_hz
                0x0000000000003044       0xbc ./Debug/ASF_sam0_drivers_system_clock_clock_samd21_r21_da_clock.c.o
                0x0000000000003044                system_clock_source_get_hz
 .text.system_clock_source_osc8m_set_config
                0x0000000000003100       0x78 ./Debug/ASF_sam0_drivers_system_clock_clock_samd21_r21_da_clock.c.o
                0x0000000000003100                system_clock_source_osc8m_set_config
 .text.system_clock_source_enable
                0x0000000000003178       0xac ./Debug/ASF_sam0_drivers_system_clock_clock_samd21_r21_da_clock.c.o
                0x0000000000003178                system_clock_source_enable
 .text._switch_peripheral_gclk
                0x0000000000003224       0x38 ./Debug/ASF_sam0_drivers_system_clock_clock_samd21_r21_da_clock.c.o
 .text.system_clock_init
                0x000000000000325c       0xd4 ./Debug/ASF_sam0_drivers_system_clock_clock_samd21_r21_da_clock.c.o
                0x000000000000325c                system_clock_init
 .text.system_apb_clock_set_mask
                0x0000000000003330       0x5c ./Debug/ASF_sam0_drivers_system_clock_clock_samd21_r21_da_gclk.c.o
 .text.system_interrupt_enter_critical_section
                0x000000000000338c       0x14 ./Debug/ASF_sam0_drivers_system_clock_clock_samd21_r21_da_gclk.c.o
 .text.system_interrupt_leave_critical_section
                0x00000000000033a0       0x14 ./Debug/ASF_sam0_drivers_system_clock_clock_samd21_r21_da_gclk.c.o
 .text.system_gclk_is_syncing
                0x00000000000033b4       0x20 ./Debug/ASF_sam0_drivers_system_clock_clock_samd21_r21_da_gclk.c.o
 .text.system_gclk_init
                0x00000000000033d4       0x30 ./Debug/ASF_sam0_drivers_system_clock_clock_samd21_r21_da_gclk.c.o
                0x00000000000033d4                system_gclk_init
 .text.system_gclk_gen_set_config
                0x0000000000003404      0x124 ./Debug/ASF_sam0_drivers_system_clock_clock_samd21_r21_da_gclk.c.o
                0x0000000000003404                system_gclk_gen_set_config
 .text.system_gclk_gen_enable
                0x0000000000003528       0x5c ./Debug/ASF_sam0_drivers_system_clock_clock_samd21_r21_da_gclk.c.o
                0x0000000000003528                system_gclk_gen_enable
 .text.system_gclk_gen_get_hz
                0x0000000000003584       0xd8 ./Debug/ASF_sam0_drivers_system_clock_clock_samd21_r21_da_gclk.c.o
                0x0000000000003584                system_gclk_gen_get_hz
 .text.system_gclk_chan_set_config
                0x000000000000365c       0x44 ./Debug/ASF_sam0_drivers_system_clock_clock_samd21_r21_da_gclk.c.o
                0x000000000000365c                system_gclk_chan_set_config
 .text.system_gclk_chan_enable
                0x00000000000036a0       0x48 ./Debug/ASF_sam0_drivers_system_clock_clock_samd21_r21_da_gclk.c.o
                0x00000000000036a0                system_gclk_chan_enable
 .text.system_gclk_chan_disable
                0x00000000000036e8       0x98 ./Debug/ASF_sam0_drivers_system_clock_clock_samd21_r21_da_gclk.c.o
                0x00000000000036e8                system_gclk_chan_disable
 .text.system_gclk_chan_get_hz
                0x0000000000003780       0x58 ./Debug/ASF_sam0_drivers_system_clock_clock_samd21_r21_da_gclk.c.o
                0x0000000000003780                system_gclk_chan_get_hz
 .text.Reset_Handler
                0x00000000000037d8       0xf8 ./Debug/ASF_sam0_utils_cmsis_samda1_source_gcc_startup_samda1.c.o
                0x00000000000037d8                Reset_Handler
 .text.Dummy_Handler
                0x00000000000038d0        0x8 ./Debug/ASF_sam0_utils_cmsis_samda1_source_gcc_startup_samda1.c.o
                0x00000000000038d0                DMAC_Handler
                0x00000000000038d0                HardFault_Handler
                0x00000000000038d0                AC_Handler
                0x00000000000038d0                SysTick_Handler
                0x00000000000038d0                PendSV_Handler
                0x00000000000038d0                NMI_Handler
                0x00000000000038d0                TC7_Handler
                0x00000000000038d0                SERCOM1_Handler
                0x00000000000038d0                ADC_Handler
                0x00000000000038d0                TCC1_Handler
                0x00000000000038d0                SERCOM2_Handler
                0x00000000000038d0                TCC0_Handler
                0x00000000000038d0                RTC_Handler
                0x00000000000038d0                EIC_Handler
                0x00000000000038d0                TC6_Handler
                0x00000000000038d0                WDT_Handler
                0x00000000000038d0                TC4_Handler
                0x00000000000038d0                USB_Handler
                0x00000000000038d0                TC3_Handler
                0x00000000000038d0                Dummy_Handler
                0x00000000000038d0                PM_Handler
                0x00000000000038d0                SERCOM5_Handler
                0x00000000000038d0                SVC_Handler
                0x00000000000038d0                TCC2_Handler
                0x00000000000038d0                EVSYS_Handler
                0x00000000000038d0                SERCOM3_Handler
                0x00000000000038d0                SERCOM4_Handler
                0x00000000000038d0                I2S_Handler
                0x00000000000038d0                NVMCTRL_Handler
                0x00000000000038d0                SERCOM0_Handler
                0x00000000000038d0                DAC_Handler
                0x00000000000038d0                PTC_Handler
                0x00000000000038d0                TC5_Handler
                0x00000000000038d0                SYSCTRL_Handler
 .text          0x00000000000038d8      0x114 /opt/arm-none-eabi/bin/../lib/gcc/arm-none-eabi/5.3.1/armv6-m/libgcc.a(_udivsi3.o)
                0x00000000000038d8                __udivsi3
                0x00000000000038d8                __aeabi_uidiv
                0x00000000000039e4                __aeabi_uidivmod
 .text          0x00000000000039ec        0x4 /opt/arm-none-eabi/bin/../lib/gcc/arm-none-eabi/5.3.1/armv6-m/libgcc.a(_dvmd_tls.o)
                0x00000000000039ec                __aeabi_ldiv0
                0x00000000000039ec                __aeabi_idiv0
 .text          0x00000000000039f0       0x74 /opt/arm-none-eabi/bin/../lib/gcc/arm-none-eabi/5.3.1/armv6-m/libgcc.a(_arm_cmpsf2.o)
                0x00000000000039f0                __aeabi_cfrcmple
                0x00000000000039f8                __aeabi_cfcmple
                0x00000000000039f8                __aeabi_cfcmpeq
                0x0000000000003a08                __aeabi_fcmpeq
                0x0000000000003a14                __aeabi_fcmplt
                0x0000000000003a28                __aeabi_fcmple
                0x0000000000003a3c                __aeabi_fcmpgt
                0x0000000000003a50                __aeabi_fcmpge
 .text          0x0000000000003a64       0x30 /opt/arm-none-eabi/bin/../lib/gcc/arm-none-eabi/5.3.1/armv6-m/libgcc.a(_fixunssfsi.o)
                0x0000000000003a64                __aeabi_f2uiz
                0x0000000000003a64                __fixunssfsi
 .text          0x0000000000003a94      0x2ec /opt/arm-none-eabi/bin/../lib/gcc/arm-none-eabi/5.3.1/armv6-m/libgcc.a(addsf3.o)
                0x0000000000003a94                __aeabi_fadd
 .text          0x0000000000003d80      0x234 /opt/arm-none-eabi/bin/../lib/gcc/arm-none-eabi/5.3.1/armv6-m/libgcc.a(divsf3.o)
                0x0000000000003d80                __aeabi_fdiv
 .text          0x0000000000003fb4       0x50 /opt/arm-none-eabi/bin/../lib/gcc/arm-none-eabi/5.3.1/armv6-m/libgcc.a(eqsf2.o)
                0x0000000000003fb4                __nesf2
                0x0000000000003fb4                __eqsf2
 .text          0x0000000000004004       0x88 /opt/arm-none-eabi/bin/../lib/gcc/arm-none-eabi/5.3.1/armv6-m/libgcc.a(gesf2.o)
                0x0000000000004004                __gtsf2
                0x0000000000004004                __gesf2
 .text          0x000000000000408c       0x88 /opt/arm-none-eabi/bin/../lib/gcc/arm-none-eabi/5.3.1/armv6-m/libgcc.a(lesf2.o)
                0x000000000000408c                __lesf2
                0x000000000000408c                __ltsf2
 .text          0x0000000000004114      0x228 /opt/arm-none-eabi/bin/../lib/gcc/arm-none-eabi/5.3.1/armv6-m/libgcc.a(mulsf3.o)
                0x0000000000004114                __aeabi_fmul
 .text          0x000000000000433c      0x30c /opt/arm-none-eabi/bin/../lib/gcc/arm-none-eabi/5.3.1/armv6-m/libgcc.a(subsf3.o)
                0x000000000000433c                __aeabi_fsub
 .text          0x0000000000004648       0x44 /opt/arm-none-eabi/bin/../lib/gcc/arm-none-eabi/5.3.1/armv6-m/libgcc.a(fixsfsi.o)
                0x0000000000004648                __aeabi_f2iz
 .text          0x000000000000468c       0x90 /opt/arm-none-eabi/bin/../lib/gcc/arm-none-eabi/5.3.1/armv6-m/libgcc.a(floatsisf.o)
                0x000000000000468c                __aeabi_i2f
 .text          0x000000000000471c       0x7c /opt/arm-none-eabi/bin/../lib/gcc/arm-none-eabi/5.3.1/armv6-m/libgcc.a(floatunsisf.o)
                0x000000000000471c                __aeabi_ui2f
 .text          0x0000000000004798      0x658 /opt/arm-none-eabi/bin/../lib/gcc/arm-none-eabi/5.3.1/armv6-m/libgcc.a(adddf3.o)
                0x0000000000004798                __aeabi_dadd
 .text          0x0000000000004df0      0x62c /opt/arm-none-eabi/bin/../lib/gcc/arm-none-eabi/5.3.1/armv6-m/libgcc.a(divdf3.o)
                0x0000000000004df0                __aeabi_ddiv
 .text          0x000000000000541c      0x4f4 /opt/arm-none-eabi/bin/../lib/gcc/arm-none-eabi/5.3.1/armv6-m/libgcc.a(muldf3.o)
                0x000000000000541c                __aeabi_dmul
 .text          0x0000000000005910      0x6a8 /opt/arm-none-eabi/bin/../lib/gcc/arm-none-eabi/5.3.1/armv6-m/libgcc.a(subdf3.o)
                0x0000000000005910                __aeabi_dsub
 .text          0x0000000000005fb8       0x6c /opt/arm-none-eabi/bin/../lib/gcc/arm-none-eabi/5.3.1/armv6-m/libgcc.a(fixdfsi.o)
                0x0000000000005fb8                __aeabi_d2iz
 .text          0x0000000000006024       0x70 /opt/arm-none-eabi/bin/../lib/gcc/arm-none-eabi/5.3.1/armv6-m/libgcc.a(floatunsidf.o)
                0x0000000000006024                __aeabi_ui2d
 .text          0x0000000000006094       0x3c /opt/arm-none-eabi/bin/../lib/gcc/arm-none-eabi/5.3.1/armv6-m/libgcc.a(_clzsi2.o)
                0x0000000000006094                __clzsi2
 .text.__libc_init_array
                0x00000000000060d0       0x4c /opt/arm-none-eabi/bin/../lib/gcc/arm-none-eabi/5.3.1/../../../../arm-none-eabi/lib/armv6-m/libc_nano.a(lib_a-init.o)
                0x00000000000060d0                __libc_init_array
 *(.glue_7t)
 .glue_7t       0x000000000000611c        0x0 linker stubs
 *(.glue_7)
 .glue_7        0x000000000000611c        0x0 linker stubs
 *(.rodata .rodata* .gnu.linkonce.r.*)
 .rodata        0x000000000000611c       0x18 ./Debug/ASF_sam0_drivers_sercom_sercom.c.o
 .rodata.system_clock_source_get_hz
                0x0000000000006134       0x24 ./Debug/ASF_sam0_drivers_system_clock_clock_samd21_r21_da_clock.c.o
 .rodata.system_clock_source_enable
                0x0000000000006158       0x24 ./Debug/ASF_sam0_drivers_system_clock_clock_samd21_r21_da_clock.c.o
 .rodata        0x000000000000617c       0x80 /opt/arm-none-eabi/bin/../lib/gcc/arm-none-eabi/5.3.1/armv6-m/libgcc.a(divsf3.o)
 .rodata        0x00000000000061fc       0x40 /opt/arm-none-eabi/bin/../lib/gcc/arm-none-eabi/5.3.1/armv6-m/libgcc.a(mulsf3.o)
 .rodata        0x000000000000623c       0x40 /opt/arm-none-eabi/bin/../lib/gcc/arm-none-eabi/5.3.1/armv6-m/libgcc.a(divdf3.o)
 .rodata        0x000000000000627c       0x40 /opt/arm-none-eabi/bin/../lib/gcc/arm-none-eabi/5.3.1/armv6-m/libgcc.a(muldf3.o)
 *(.ARM.extab* .gnu.linkonce.armextab.*)
                0x00000000000062bc                . = ALIGN (0x4)
 *(.init)
 .init          0x00000000000062bc        0x4 /opt/arm-none-eabi/bin/../lib/gcc/arm-none-eabi/5.3.1/armv6-m/crti.o
                0x00000000000062bc                _init
 .init          0x00000000000062c0        0x8 /opt/arm-none-eabi/bin/../lib/gcc/arm-none-eabi/5.3.1/armv6-m/crtn.o
                0x00000000000062c8                . = ALIGN (0x4)
                0x00000000000062c8                __preinit_array_start = .
 *(.preinit_array)
                0x00000000000062c8                __preinit_array_end = .
                0x00000000000062c8                . = ALIGN (0x4)
                0x00000000000062c8                __init_array_start = .
 *(SORT(.init_array.*))
 *(.init_array)
 .init_array    0x00000000000062c8        0x4 /opt/arm-none-eabi/bin/../lib/gcc/arm-none-eabi/5.3.1/armv6-m/crtbegin.o
                0x00000000000062cc                __init_array_end = .
                0x00000000000062cc                . = ALIGN (0x4)
 *crtbegin.o(.ctors)
 *(EXCLUDE_FILE(*crtend.o) .ctors)
 *(SORT(.ctors.*))
 *crtend.o(.ctors)
                0x00000000000062cc                . = ALIGN (0x4)
 *(.fini)
 .fini          0x00000000000062cc        0x4 /opt/arm-none-eabi/bin/../lib/gcc/arm-none-eabi/5.3.1/armv6-m/crti.o
                0x00000000000062cc                _fini
 .fini          0x00000000000062d0        0x8 /opt/arm-none-eabi/bin/../lib/gcc/arm-none-eabi/5.3.1/armv6-m/crtn.o
                0x00000000000062d8                . = ALIGN (0x4)
                0x00000000000062d8                __fini_array_start = .
 *(.fini_array)
 .fini_array    0x00000000000062d8        0x4 /opt/arm-none-eabi/bin/../lib/gcc/arm-none-eabi/5.3.1/armv6-m/crtbegin.o
 *(SORT(.fini_array.*))
                0x00000000000062dc                __fini_array_end = .
 *crtbegin.o(.dtors)
 *(EXCLUDE_FILE(*crtend.o) .dtors)
 *(SORT(.dtors.*))
 *crtend.o(.dtors)
                0x00000000000062dc                . = ALIGN (0x4)
                0x00000000000062dc                _efixed = .
                [!provide]                        PROVIDE (__exidx_start, .)

.vfp11_veneer   0x00000000000062dc        0x0
 .vfp11_veneer  0x00000000000062dc        0x0 linker stubs

.v4_bx          0x00000000000062dc        0x0
 .v4_bx         0x00000000000062dc        0x0 linker stubs

.iplt           0x00000000000062dc        0x0
 .iplt          0x00000000000062dc        0x0 /opt/arm-none-eabi/bin/../lib/gcc/arm-none-eabi/5.3.1/armv6-m/crtbegin.o

.eh_frame       0x00000000000062dc        0x0
 .eh_frame      0x00000000000062dc        0x0 /opt/arm-none-eabi/bin/../lib/gcc/arm-none-eabi/5.3.1/armv6-m/crtbegin.o

.rel.dyn        0x00000000000062dc        0x0
 .rel.iplt      0x00000000000062dc        0x0 /opt/arm-none-eabi/bin/../lib/gcc/arm-none-eabi/5.3.1/armv6-m/crtbegin.o

.jcr            0x00000000000062dc        0x0
 .jcr           0x00000000000062dc        0x0 /opt/arm-none-eabi/bin/../lib/gcc/arm-none-eabi/5.3.1/armv6-m/crtbegin.o

.igot.plt       0x00000000000062dc        0x0
 .igot.plt      0x00000000000062dc        0x0 /opt/arm-none-eabi/bin/../lib/gcc/arm-none-eabi/5.3.1/armv6-m/crtbegin.o

.ARM.exidx
 *(.ARM.exidx* .gnu.linkonce.armexidx.*)
                [!provide]                        PROVIDE (__exidx_end, .)
                0x00000000000062dc                . = ALIGN (0x4)
                0x00000000000062dc                _etext = .

.relocate       0x0000000020000000       0x20 load address 0x00000000000062dc
                0x0000000020000000                . = ALIGN (0x4)
                0x0000000020000000                _srelocate = .
 *(.ramfunc .ramfunc.*)
 *(.data .data.*)
 .data.tik_up   0x0000000020000000        0x1 ./Debug/oled_gfx.c.o
                0x0000000020000000                tik_up
 *fill*         0x0000000020000001        0x3 
 .data.OLED_setup.12731
                0x0000000020000004       0x1b ./Debug/oled_gfx.c.o
 .data.g_interrupt_enabled
                0x000000002000001f        0x1 ./Debug/ASF_common_utils_interrupt_interrupt_sam_nvic.c.o
                0x000000002000001f                g_interrupt_enabled
                0x0000000020000020                . = ALIGN (0x4)
                0x0000000020000020                _erelocate = .

.bss            0x0000000020000020      0x6d8 load address 0x00000000000062fc
                0x0000000020000020                . = ALIGN (0x4)
                0x0000000020000020                _sbss = .
                0x0000000020000020                _szero = .
 *(.bss .bss.*)
 .bss           0x0000000020000020       0x1c /opt/arm-none-eabi/bin/../lib/gcc/arm-none-eabi/5.3.1/armv6-m/crtbegin.o
 .bss.FONT      0x000000002000003c      0x1f8 ./Debug/oled_gfx.c.o
 .bss.screen_buffer
                0x0000000020000234       0x80 ./Debug/oled_gfx.c.o
                0x0000000020000234                screen_buffer
 .bss.command_buffer
                0x00000000200002b4       0x10 ./Debug/oled_gfx.c.o
                0x00000000200002b4                command_buffer
 .bss.screen    0x00000000200002c4      0x400 ./Debug/oled_gfx.c.o
                0x00000000200002c4                screen
 .bss.pageflag  0x00000000200006c4        0x1 ./Debug/oled_gfx.c.o
                0x00000000200006c4                pageflag
 .bss.page      0x00000000200006c5        0x1 ./Debug/oled_gfx.c.o
                0x00000000200006c5                page
 .bss.tik       0x00000000200006c6        0x1 ./Debug/oled_gfx.c.o
                0x00000000200006c6                tik
 *fill*         0x00000000200006c7        0x1 
 .bss._sercom_config
                0x00000000200006c8        0x2 ./Debug/ASF_sam0_drivers_sercom_sercom.c.o
 *fill*         0x00000000200006ca        0x2 
 .bss.cpu_irq_critical_section_counter
                0x00000000200006cc        0x4 ./Debug/ASF_common_utils_interrupt_interrupt_sam_nvic.c.o
 .bss.cpu_irq_prev_interrupt_state
                0x00000000200006d0        0x1 ./Debug/ASF_common_utils_interrupt_interrupt_sam_nvic.c.o
 *fill*         0x00000000200006d1        0x3 
 .bss._system_clock_inst
                0x00000000200006d4       0x18 ./Debug/ASF_sam0_drivers_system_clock_clock_samd21_r21_da_clock.c.o
 *(COMMON)
 COMMON         0x00000000200006ec        0xc ./Debug/oled_gfx.c.o
                0x00000000200006ec                i2c_master_instance
                0x00000000200006f8                . = ALIGN (0x4)
                0x00000000200006f8                _ebss = .
                0x00000000200006f8                _ezero = .

.stack          0x00000000200006f8      0x800 load address 0x00000000000069d4
                0x00000000200006f8                . = ALIGN (0x8)
                0x00000000200006f8                _sstack = .
                0x0000000020000ef8                . = (. + STACK_SIZE)
 *fill*         0x00000000200006f8      0x800 
                0x0000000020000ef8                . = ALIGN (0x8)
                0x0000000020000ef8                _estack = .
                0x0000000020000ef8                . = ALIGN (0x4)
                0x0000000020000ef8                _end = .
OUTPUT(./Debug/oled2 elf32-littlearm)

.ARM.attributes
                0x0000000000000000       0x28
 .ARM.attributes
                0x0000000000000000       0x1e /opt/arm-none-eabi/bin/../lib/gcc/arm-none-eabi/5.3.1/armv6-m/crti.o
 .ARM.attributes
                0x000000000000001e       0x2c /opt/arm-none-eabi/bin/../lib/gcc/arm-none-eabi/5.3.1/armv6-m/crtbegin.o
 .ARM.attributes
                0x000000000000004a       0x32 ./Debug/oled_gfx.c.o
 .ARM.attributes
                0x000000000000007c       0x32 ./Debug/main.c.o
 .ARM.attributes
                0x00000000000000ae       0x32 ./Debug/ASF_sam0_drivers_port_port.c.o
 .ARM.attributes
                0x00000000000000e0       0x32 ./Debug/ASF_sam0_drivers_sercom_sercom.c.o
 .ARM.attributes
                0x0000000000000112       0x32 ./Debug/ASF_sam0_drivers_system_system.c.o
 .ARM.attributes
                0x0000000000000144       0x32 ./Debug/ASF_sam0_boards_samda1_xplained_pro_board_init.c.o
 .ARM.attributes
                0x0000000000000176       0x32 ./Debug/ASF_common_utils_interrupt_interrupt_sam_nvic.c.o
 .ARM.attributes
                0x00000000000001a8       0x32 ./Debug/ASF_sam0_drivers_system_pinmux_pinmux.c.o
 .ARM.attributes
                0x00000000000001da       0x32 ./Debug/ASF_sam0_drivers_sercom_i2c_i2c_sam0_i2c_master.c.o
 .ARM.attributes
                0x000000000000020c       0x32 ./Debug/ASF_sam0_drivers_system_clock_clock_samd21_r21_da_clock.c.o
 .ARM.attributes
                0x000000000000023e       0x32 ./Debug/ASF_sam0_drivers_system_clock_clock_samd21_r21_da_gclk.c.o
 .ARM.attributes
                0x0000000000000270       0x32 ./Debug/ASF_sam0_utils_cmsis_samda1_source_gcc_startup_samda1.c.o
 .ARM.attributes
                0x00000000000002a2       0x1e /opt/arm-none-eabi/bin/../lib/gcc/arm-none-eabi/5.3.1/armv6-m/libgcc.a(_udivsi3.o)
 .ARM.attributes
                0x00000000000002c0       0x1e /opt/arm-none-eabi/bin/../lib/gcc/arm-none-eabi/5.3.1/armv6-m/libgcc.a(_dvmd_tls.o)
 .ARM.attributes
                0x00000000000002de       0x1e /opt/arm-none-eabi/bin/../lib/gcc/arm-none-eabi/5.3.1/armv6-m/libgcc.a(_arm_cmpsf2.o)
 .ARM.attributes
                0x00000000000002fc       0x2c /opt/arm-none-eabi/bin/../lib/gcc/arm-none-eabi/5.3.1/armv6-m/libgcc.a(_fixunssfsi.o)
 .ARM.attributes
                0x0000000000000328       0x2c /opt/arm-none-eabi/bin/../lib/gcc/arm-none-eabi/5.3.1/armv6-m/libgcc.a(addsf3.o)
 .ARM.attributes
                0x0000000000000354       0x2c /opt/arm-none-eabi/bin/../lib/gcc/arm-none-eabi/5.3.1/armv6-m/libgcc.a(divsf3.o)
 .ARM.attributes
                0x0000000000000380       0x2c /opt/arm-none-eabi/bin/../lib/gcc/arm-none-eabi/5.3.1/armv6-m/libgcc.a(eqsf2.o)
 .ARM.attributes
                0x00000000000003ac       0x2c /opt/arm-none-eabi/bin/../lib/gcc/arm-none-eabi/5.3.1/armv6-m/libgcc.a(gesf2.o)
 .ARM.attributes
                0x00000000000003d8       0x2c /opt/arm-none-eabi/bin/../lib/gcc/arm-none-eabi/5.3.1/armv6-m/libgcc.a(lesf2.o)
 .ARM.attributes
                0x0000000000000404       0x2c /opt/arm-none-eabi/bin/../lib/gcc/arm-none-eabi/5.3.1/armv6-m/libgcc.a(mulsf3.o)
 .ARM.attributes
                0x0000000000000430       0x2c /opt/arm-none-eabi/bin/../lib/gcc/arm-none-eabi/5.3.1/armv6-m/libgcc.a(subsf3.o)
 .ARM.attributes
                0x000000000000045c       0x2c /opt/arm-none-eabi/bin/../lib/gcc/arm-none-eabi/5.3.1/armv6-m/libgcc.a(fixsfsi.o)
 .ARM.attributes
                0x0000000000000488       0x2c /opt/arm-none-eabi/bin/../lib/gcc/arm-none-eabi/5.3.1/armv6-m/libgcc.a(floatsisf.o)
 .ARM.attributes
                0x00000000000004b4       0x2c /opt/arm-none-eabi/bin/../lib/gcc/arm-none-eabi/5.3.1/armv6-m/libgcc.a(floatunsisf.o)
 .ARM.attributes
                0x00000000000004e0       0x2c /opt/arm-none-eabi/bin/../lib/gcc/arm-none-eabi/5.3.1/armv6-m/libgcc.a(adddf3.o)
 .ARM.attributes
                0x000000000000050c       0x2c /opt/arm-none-eabi/bin/../lib/gcc/arm-none-eabi/5.3.1/armv6-m/libgcc.a(divdf3.o)
 .ARM.attributes
                0x0000000000000538       0x2c /opt/arm-none-eabi/bin/../lib/gcc/arm-none-eabi/5.3.1/armv6-m/libgcc.a(muldf3.o)
 .ARM.attributes
                0x0000000000000564       0x2c /opt/arm-none-eabi/bin/../lib/gcc/arm-none-eabi/5.3.1/armv6-m/libgcc.a(subdf3.o)
 .ARM.attributes
                0x0000000000000590       0x2c /opt/arm-none-eabi/bin/../lib/gcc/arm-none-eabi/5.3.1/armv6-m/libgcc.a(fixdfsi.o)
 .ARM.attributes
                0x00000000000005bc       0x2c /opt/arm-none-eabi/bin/../lib/gcc/arm-none-eabi/5.3.1/armv6-m/libgcc.a(floatunsidf.o)
 .ARM.attributes
                0x00000000000005e8       0x1e /opt/arm-none-eabi/bin/../lib/gcc/arm-none-eabi/5.3.1/armv6-m/libgcc.a(_clzsi2.o)
 .ARM.attributes
                0x0000000000000606       0x2c /opt/arm-none-eabi/bin/../lib/gcc/arm-none-eabi/5.3.1/../../../../arm-none-eabi/lib/armv6-m/libc_nano.a(lib_a-init.o)
 .ARM.attributes
                0x0000000000000632       0x1e /opt/arm-none-eabi/bin/../lib/gcc/arm-none-eabi/5.3.1/armv6-m/crtn.o

.comment        0x0000000000000000       0x59
 .comment       0x0000000000000000       0x59 ./Debug/oled_gfx.c.o
                                         0x5a (size before relaxing)
 .comment       0x0000000000000059       0x5a ./Debug/main.c.o
 .comment       0x0000000000000059       0x5a ./Debug/ASF_sam0_drivers_port_port.c.o
 .comment       0x0000000000000059       0x5a ./Debug/ASF_sam0_drivers_sercom_sercom.c.o
 .comment       0x0000000000000059       0x5a ./Debug/ASF_sam0_drivers_system_system.c.o
 .comment       0x0000000000000059       0x5a ./Debug/ASF_sam0_boards_samda1_xplained_pro_board_init.c.o
 .comment       0x0000000000000059       0x5a ./Debug/ASF_common_utils_interrupt_interrupt_sam_nvic.c.o
 .comment       0x0000000000000059       0x5a ./Debug/ASF_sam0_drivers_system_pinmux_pinmux.c.o
 .comment       0x0000000000000059       0x5a ./Debug/ASF_sam0_drivers_sercom_i2c_i2c_sam0_i2c_master.c.o
 .comment       0x0000000000000059       0x5a ./Debug/ASF_sam0_drivers_system_clock_clock_samd21_r21_da_clock.c.o
 .comment       0x0000000000000059       0x5a ./Debug/ASF_sam0_drivers_system_clock_clock_samd21_r21_da_gclk.c.o
 .comment       0x0000000000000059       0x5a ./Debug/ASF_sam0_utils_cmsis_samda1_source_gcc_startup_samda1.c.o

.debug_info     0x0000000000000000    0x165be
 .debug_info    0x0000000000000000     0x2ce7 ./Debug/oled_gfx.c.o
 .debug_info    0x0000000000002ce7     0x3c93 ./Debug/main.c.o
 .debug_info    0x000000000000697a      0x92c ./Debug/ASF_sam0_drivers_port_port.c.o
 .debug_info    0x00000000000072a6     0x24b0 ./Debug/ASF_sam0_drivers_sercom_sercom.c.o
 .debug_info    0x0000000000009756      0x141 ./Debug/ASF_sam0_drivers_system_system.c.o
 .debug_info    0x0000000000009897      0x953 ./Debug/ASF_sam0_boards_samda1_xplained_pro_board_init.c.o
 .debug_info    0x000000000000a1ea      0x1ef ./Debug/ASF_common_utils_interrupt_interrupt_sam_nvic.c.o
 .debug_info    0x000000000000a3d9      0xa12 ./Debug/ASF_sam0_drivers_system_pinmux_pinmux.c.o
 .debug_info    0x000000000000adeb     0x3e3d ./Debug/ASF_sam0_drivers_sercom_i2c_i2c_sam0_i2c_master.c.o
 .debug_info    0x000000000000ec28     0x2c8b ./Debug/ASF_sam0_drivers_system_clock_clock_samd21_r21_da_clock.c.o
 .debug_info    0x00000000000118b3     0x1286 ./Debug/ASF_sam0_drivers_system_clock_clock_samd21_r21_da_gclk.c.o
 .debug_info    0x0000000000012b39     0x3a85 ./Debug/ASF_sam0_utils_cmsis_samda1_source_gcc_startup_samda1.c.o

.debug_abbrev   0x0000000000000000     0x1a7b
 .debug_abbrev  0x0000000000000000      0x319 ./Debug/oled_gfx.c.o
 .debug_abbrev  0x0000000000000319      0x24f ./Debug/main.c.o
 .debug_abbrev  0x0000000000000568      0x1b6 ./Debug/ASF_sam0_drivers_port_port.c.o
 .debug_abbrev  0x000000000000071e      0x274 ./Debug/ASF_sam0_drivers_sercom_sercom.c.o
 .debug_abbrev  0x0000000000000992       0xad ./Debug/ASF_sam0_drivers_system_system.c.o
 .debug_abbrev  0x0000000000000a3f      0x20f ./Debug/ASF_sam0_boards_samda1_xplained_pro_board_init.c.o
 .debug_abbrev  0x0000000000000c4e       0xf8 ./Debug/ASF_common_utils_interrupt_interrupt_sam_nvic.c.o
 .debug_abbrev  0x0000000000000d46      0x21e ./Debug/ASF_sam0_drivers_system_pinmux_pinmux.c.o
 .debug_abbrev  0x0000000000000f64      0x34a ./Debug/ASF_sam0_drivers_sercom_i2c_i2c_sam0_i2c_master.c.o
 .debug_abbrev  0x00000000000012ae      0x335 ./Debug/ASF_sam0_drivers_system_clock_clock_samd21_r21_da_clock.c.o
 .debug_abbrev  0x00000000000015e3      0x28e ./Debug/ASF_sam0_drivers_system_clock_clock_samd21_r21_da_gclk.c.o
 .debug_abbrev  0x0000000000001871      0x20a ./Debug/ASF_sam0_utils_cmsis_samda1_source_gcc_startup_samda1.c.o

.debug_loc      0x0000000000000000     0x181c
 .debug_loc     0x0000000000000000      0x44c ./Debug/oled_gfx.c.o
 .debug_loc     0x000000000000044c      0x118 ./Debug/main.c.o
 .debug_loc     0x0000000000000564       0xa8 ./Debug/ASF_sam0_drivers_port_port.c.o
 .debug_loc     0x000000000000060c      0x18c ./Debug/ASF_sam0_drivers_sercom_sercom.c.o
 .debug_loc     0x0000000000000798       0x58 ./Debug/ASF_sam0_drivers_system_system.c.o
 .debug_loc     0x00000000000007f0      0x118 ./Debug/ASF_sam0_boards_samda1_xplained_pro_board_init.c.o
 .debug_loc     0x0000000000000908       0x64 ./Debug/ASF_common_utils_interrupt_interrupt_sam_nvic.c.o
 .debug_loc     0x000000000000096c      0x118 ./Debug/ASF_sam0_drivers_system_pinmux_pinmux.c.o
 .debug_loc     0x0000000000000a84      0x536 ./Debug/ASF_sam0_drivers_sercom_i2c_i2c_sam0_i2c_master.c.o
 .debug_loc     0x0000000000000fba      0x476 ./Debug/ASF_sam0_drivers_system_clock_clock_samd21_r21_da_clock.c.o
 .debug_loc     0x0000000000001430      0x388 ./Debug/ASF_sam0_drivers_system_clock_clock_samd21_r21_da_gclk.c.o
 .debug_loc     0x00000000000017b8       0x64 ./Debug/ASF_sam0_utils_cmsis_samda1_source_gcc_startup_samda1.c.o

.debug_aranges  0x0000000000000000      0x4a8
 .debug_aranges
                0x0000000000000000       0xb8 ./Debug/oled_gfx.c.o
 .debug_aranges
                0x00000000000000b8       0x40 ./Debug/main.c.o
 .debug_aranges
                0x00000000000000f8       0x30 ./Debug/ASF_sam0_drivers_port_port.c.o
 .debug_aranges
                0x0000000000000128       0x50 ./Debug/ASF_sam0_drivers_sercom_sercom.c.o
 .debug_aranges
                0x0000000000000178       0x28 ./Debug/ASF_sam0_drivers_system_system.c.o
 .debug_aranges
                0x00000000000001a0       0x40 ./Debug/ASF_sam0_boards_samda1_xplained_pro_board_init.c.o
 .debug_aranges
                0x00000000000001e0       0x28 ./Debug/ASF_common_utils_interrupt_interrupt_sam_nvic.c.o
 .debug_aranges
                0x0000000000000208       0x40 ./Debug/ASF_sam0_drivers_system_pinmux_pinmux.c.o
 .debug_aranges
                0x0000000000000248       0xd8 ./Debug/ASF_sam0_drivers_sercom_i2c_i2c_sam0_i2c_master.c.o
 .debug_aranges
                0x0000000000000320       0xc0 ./Debug/ASF_sam0_drivers_system_clock_clock_samd21_r21_da_clock.c.o
 .debug_aranges
                0x00000000000003e0       0xa0 ./Debug/ASF_sam0_drivers_system_clock_clock_samd21_r21_da_gclk.c.o
 .debug_aranges
                0x0000000000000480       0x28 ./Debug/ASF_sam0_utils_cmsis_samda1_source_gcc_startup_samda1.c.o

.debug_ranges   0x0000000000000000      0x3e8
 .debug_ranges  0x0000000000000000       0xa8 ./Debug/oled_gfx.c.o
 .debug_ranges  0x00000000000000a8       0x30 ./Debug/main.c.o
 .debug_ranges  0x00000000000000d8       0x20 ./Debug/ASF_sam0_drivers_port_port.c.o
 .debug_ranges  0x00000000000000f8       0x40 ./Debug/ASF_sam0_drivers_sercom_sercom.c.o
 .debug_ranges  0x0000000000000138       0x18 ./Debug/ASF_sam0_drivers_system_system.c.o
 .debug_ranges  0x0000000000000150       0x30 ./Debug/ASF_sam0_boards_samda1_xplained_pro_board_init.c.o
 .debug_ranges  0x0000000000000180       0x18 ./Debug/ASF_common_utils_interrupt_interrupt_sam_nvic.c.o
 .debug_ranges  0x0000000000000198       0x30 ./Debug/ASF_sam0_drivers_system_pinmux_pinmux.c.o
 .debug_ranges  0x00000000000001c8       0xc8 ./Debug/ASF_sam0_drivers_sercom_i2c_i2c_sam0_i2c_master.c.o
 .debug_ranges  0x0000000000000290       0xb0 ./Debug/ASF_sam0_drivers_system_clock_clock_samd21_r21_da_clock.c.o
 .debug_ranges  0x0000000000000340       0x90 ./Debug/ASF_sam0_drivers_system_clock_clock_samd21_r21_da_gclk.c.o
 .debug_ranges  0x00000000000003d0       0x18 ./Debug/ASF_sam0_utils_cmsis_samda1_source_gcc_startup_samda1.c.o

.debug_macro    0x0000000000000000    0x187ad
 .debug_macro   0x0000000000000000      0x5f0 ./Debug/oled_gfx.c.o
 .debug_macro   0x00000000000005f0      0x838 ./Debug/oled_gfx.c.o
 .debug_macro   0x0000000000000e28      0x16d ./Debug/oled_gfx.c.o
 .debug_macro   0x0000000000000f95      0x652 ./Debug/oled_gfx.c.o
 .debug_macro   0x00000000000015e7       0x22 ./Debug/oled_gfx.c.o
 .debug_macro   0x0000000000001609       0x87 ./Debug/oled_gfx.c.o
 .debug_macro   0x0000000000001690       0x44 ./Debug/oled_gfx.c.o
 .debug_macro   0x00000000000016d4       0xfd ./Debug/oled_gfx.c.o
 .debug_macro   0x00000000000017d1       0x22 ./Debug/oled_gfx.c.o
 .debug_macro   0x00000000000017f3      0x1df ./Debug/oled_gfx.c.o
 .debug_macro   0x00000000000019d2       0x10 ./Debug/oled_gfx.c.o
 .debug_macro   0x00000000000019e2       0x76 ./Debug/oled_gfx.c.o
 .debug_macro   0x0000000000001a58       0x16 ./Debug/oled_gfx.c.o
 .debug_macro   0x0000000000001a6e      0x6e5 ./Debug/oled_gfx.c.o
 .debug_macro   0x0000000000002153      0xde2 ./Debug/oled_gfx.c.o
 .debug_macro   0x0000000000002f35       0x22 ./Debug/oled_gfx.c.o
 .debug_macro   0x0000000000002f57       0x40 ./Debug/oled_gfx.c.o
 .debug_macro   0x0000000000002f97       0x3a ./Debug/oled_gfx.c.o
 .debug_macro   0x0000000000002fd1       0x1f ./Debug/oled_gfx.c.o
 .debug_macro   0x0000000000002ff0      0x250 ./Debug/oled_gfx.c.o
 .debug_macro   0x0000000000003240      0x682 ./Debug/oled_gfx.c.o
 .debug_macro   0x00000000000038c2      0x8bf ./Debug/oled_gfx.c.o
 .debug_macro   0x0000000000004181      0x235 ./Debug/oled_gfx.c.o
 .debug_macro   0x00000000000043b6      0xd63 ./Debug/oled_gfx.c.o
 .debug_macro   0x0000000000005119      0x4ce ./Debug/oled_gfx.c.o
 .debug_macro   0x00000000000055e7      0x9f8 ./Debug/oled_gfx.c.o
 .debug_macro   0x0000000000005fdf      0x82b ./Debug/oled_gfx.c.o
 .debug_macro   0x000000000000680a      0x45f ./Debug/oled_gfx.c.o
 .debug_macro   0x0000000000006c69       0x5e ./Debug/oled_gfx.c.o
 .debug_macro   0x0000000000006cc7      0x906 ./Debug/oled_gfx.c.o
 .debug_macro   0x00000000000075cd      0x225 ./Debug/oled_gfx.c.o
 .debug_macro   0x00000000000077f2      0x7e2 ./Debug/oled_gfx.c.o
 .debug_macro   0x0000000000007fd4       0x5e ./Debug/oled_gfx.c.o
 .debug_macro   0x0000000000008032      0x67f ./Debug/oled_gfx.c.o
 .debug_macro   0x00000000000086b1      0x3b6 ./Debug/oled_gfx.c.o
 .debug_macro   0x0000000000008a67      0xc55 ./Debug/oled_gfx.c.o
 .debug_macro   0x00000000000096bc     0x1092 ./Debug/oled_gfx.c.o
 .debug_macro   0x000000000000a74e      0xc4a ./Debug/oled_gfx.c.o
 .debug_macro   0x000000000000b398      0x6bf ./Debug/oled_gfx.c.o
 .debug_macro   0x000000000000ba57     0x1b4b ./Debug/oled_gfx.c.o
 .debug_macro   0x000000000000d5a2     0x144a ./Debug/oled_gfx.c.o
 .debug_macro   0x000000000000e9ec      0x34e ./Debug/oled_gfx.c.o
 .debug_macro   0x000000000000ed3a       0x7c ./Debug/oled_gfx.c.o
 .debug_macro   0x000000000000edb6       0xa0 ./Debug/oled_gfx.c.o
 .debug_macro   0x000000000000ee56       0x4c ./Debug/oled_gfx.c.o
 .debug_macro   0x000000000000eea2       0xca ./Debug/oled_gfx.c.o
 .debug_macro   0x000000000000ef6c       0x94 ./Debug/oled_gfx.c.o
 .debug_macro   0x000000000000f000       0x58 ./Debug/oled_gfx.c.o
 .debug_macro   0x000000000000f058      0x387 ./Debug/oled_gfx.c.o
 .debug_macro   0x000000000000f3df       0x82 ./Debug/oled_gfx.c.o
 .debug_macro   0x000000000000f461      0x197 ./Debug/oled_gfx.c.o
 .debug_macro   0x000000000000f5f8       0xb8 ./Debug/oled_gfx.c.o
 .debug_macro   0x000000000000f6b0       0xa0 ./Debug/oled_gfx.c.o
 .debug_macro   0x000000000000f750       0xbe ./Debug/oled_gfx.c.o
 .debug_macro   0x000000000000f80e       0x1c ./Debug/oled_gfx.c.o
 .debug_macro   0x000000000000f82a       0x1c ./Debug/oled_gfx.c.o
 .debug_macro   0x000000000000f846       0x1c ./Debug/oled_gfx.c.o
 .debug_macro   0x000000000000f862       0x82 ./Debug/oled_gfx.c.o
 .debug_macro   0x000000000000f8e4      0x161 ./Debug/oled_gfx.c.o
 .debug_macro   0x000000000000fa45       0xdc ./Debug/oled_gfx.c.o
 .debug_macro   0x000000000000fb21      0x12f ./Debug/oled_gfx.c.o
 .debug_macro   0x000000000000fc50      0x12f ./Debug/oled_gfx.c.o
 .debug_macro   0x000000000000fd7f      0x12f ./Debug/oled_gfx.c.o
 .debug_macro   0x000000000000feae      0x12f ./Debug/oled_gfx.c.o
 .debug_macro   0x000000000000ffdd      0x12f ./Debug/oled_gfx.c.o
 .debug_macro   0x000000000001010c      0x12f ./Debug/oled_gfx.c.o
 .debug_macro   0x000000000001023b      0x11e ./Debug/oled_gfx.c.o
 .debug_macro   0x0000000000010359       0xe2 ./Debug/oled_gfx.c.o
 .debug_macro   0x000000000001043b       0xe2 ./Debug/oled_gfx.c.o
 .debug_macro   0x000000000001051d       0xe2 ./Debug/oled_gfx.c.o
 .debug_macro   0x00000000000105ff       0xe2 ./Debug/oled_gfx.c.o
 .debug_macro   0x00000000000106e1       0xe2 ./Debug/oled_gfx.c.o
 .debug_macro   0x00000000000107c3      0x133 ./Debug/oled_gfx.c.o
 .debug_macro   0x00000000000108f6      0x106 ./Debug/oled_gfx.c.o
 .debug_macro   0x00000000000109fc       0xfa ./Debug/oled_gfx.c.o
 .debug_macro   0x0000000000010af6      0x40f ./Debug/oled_gfx.c.o
 .debug_macro   0x0000000000010f05       0x40 ./Debug/oled_gfx.c.o
 .debug_macro   0x0000000000010f45      0x37d ./Debug/oled_gfx.c.o
 .debug_macro   0x00000000000112c2     0x1e59 ./Debug/oled_gfx.c.o
 .debug_macro   0x000000000001311b       0x7b ./Debug/oled_gfx.c.o
 .debug_macro   0x0000000000013196       0x52 ./Debug/oled_gfx.c.o
 .debug_macro   0x00000000000131e8       0x35 ./Debug/oled_gfx.c.o
 .debug_macro   0x000000000001321d       0x9c ./Debug/oled_gfx.c.o
 .debug_macro   0x00000000000132b9       0x16 ./Debug/oled_gfx.c.o
 .debug_macro   0x00000000000132cf       0x35 ./Debug/oled_gfx.c.o
 .debug_macro   0x0000000000013304      0x330 ./Debug/oled_gfx.c.o
 .debug_macro   0x0000000000013634       0x10 ./Debug/oled_gfx.c.o
 .debug_macro   0x0000000000013644       0x52 ./Debug/oled_gfx.c.o
 .debug_macro   0x0000000000013696       0x16 ./Debug/oled_gfx.c.o
 .debug_macro   0x00000000000136ac       0x43 ./Debug/oled_gfx.c.o
 .debug_macro   0x00000000000136ef      0x187 ./Debug/oled_gfx.c.o
 .debug_macro   0x0000000000013876       0x22 ./Debug/oled_gfx.c.o
 .debug_macro   0x0000000000013898       0x3a ./Debug/oled_gfx.c.o
 .debug_macro   0x00000000000138d2       0x10 ./Debug/oled_gfx.c.o
 .debug_macro   0x00000000000138e2       0x40 ./Debug/oled_gfx.c.o
 .debug_macro   0x0000000000013922       0x6c ./Debug/oled_gfx.c.o
 .debug_macro   0x000000000001398e       0x16 ./Debug/oled_gfx.c.o
 .debug_macro   0x00000000000139a4      0x182 ./Debug/oled_gfx.c.o
 .debug_macro   0x0000000000013b26       0x16 ./Debug/oled_gfx.c.o
 .debug_macro   0x0000000000013b3c       0x16 ./Debug/oled_gfx.c.o
 .debug_macro   0x0000000000013b52       0x29 ./Debug/oled_gfx.c.o
 .debug_macro   0x0000000000013b7b       0x51 ./Debug/oled_gfx.c.o
 .debug_macro   0x0000000000013bcc       0x3f ./Debug/oled_gfx.c.o
 .debug_macro   0x0000000000013c0b      0x3d8 ./Debug/oled_gfx.c.o
 .debug_macro   0x0000000000013fe3      0x2bf ./Debug/oled_gfx.c.o
 .debug_macro   0x00000000000142a2       0x10 ./Debug/oled_gfx.c.o
 .debug_macro   0x00000000000142b2      0x964 ./Debug/oled_gfx.c.o
 .debug_macro   0x0000000000014c16       0x11 ./Debug/oled_gfx.c.o
 .debug_macro   0x0000000000014c27       0x12 ./Debug/oled_gfx.c.o
 .debug_macro   0x0000000000014c39       0x11 ./Debug/oled_gfx.c.o
 .debug_macro   0x0000000000014c4a       0x2e ./Debug/oled_gfx.c.o
 .debug_macro   0x0000000000014c78       0xb2 ./Debug/oled_gfx.c.o
 .debug_macro   0x0000000000014d2a       0x10 ./Debug/oled_gfx.c.o
 .debug_macro   0x0000000000014d3a       0x27 ./Debug/oled_gfx.c.o
 .debug_macro   0x0000000000014d61       0x16 ./Debug/oled_gfx.c.o
 .debug_macro   0x0000000000014d77      0x613 ./Debug/main.c.o
 .debug_macro   0x000000000001538a      0x501 ./Debug/ASF_sam0_drivers_port_port.c.o
 .debug_macro   0x000000000001588b      0x575 ./Debug/ASF_sam0_drivers_sercom_sercom.c.o
 .debug_macro   0x0000000000015e00      0x52b ./Debug/ASF_sam0_drivers_system_system.c.o
 .debug_macro   0x000000000001632b      0x522 ./Debug/ASF_sam0_boards_samda1_xplained_pro_board_init.c.o
 .debug_macro   0x000000000001684d      0x4e7 ./Debug/ASF_common_utils_interrupt_interrupt_sam_nvic.c.o
 .debug_macro   0x0000000000016d34      0x4f9 ./Debug/ASF_sam0_drivers_system_pinmux_pinmux.c.o
 .debug_macro   0x000000000001722d      0x57b ./Debug/ASF_sam0_drivers_sercom_i2c_i2c_sam0_i2c_master.c.o
 .debug_macro   0x00000000000177a8      0x559 ./Debug/ASF_sam0_drivers_system_clock_clock_samd21_r21_da_clock.c.o
 .debug_macro   0x0000000000017d01      0x296 ./Debug/ASF_sam0_drivers_system_clock_clock_samd21_r21_da_clock.c.o
 .debug_macro   0x0000000000017f97      0x51d ./Debug/ASF_sam0_drivers_system_clock_clock_samd21_r21_da_gclk.c.o
 .debug_macro   0x00000000000184b4      0x2f9 ./Debug/ASF_sam0_utils_cmsis_samda1_source_gcc_startup_samda1.c.o

.debug_line     0x0000000000000000     0x76f7
 .debug_line    0x0000000000000000      0xed9 ./Debug/oled_gfx.c.o
 .debug_line    0x0000000000000ed9      0xb15 ./Debug/main.c.o
 .debug_line    0x00000000000019ee      0x7f4 ./Debug/ASF_sam0_drivers_port_port.c.o
 .debug_line    0x00000000000021e2      0xacf ./Debug/ASF_sam0_drivers_sercom_sercom.c.o
 .debug_line    0x0000000000002cb1      0x8c3 ./Debug/ASF_sam0_drivers_system_system.c.o
 .debug_line    0x0000000000003574      0x8aa ./Debug/ASF_sam0_boards_samda1_xplained_pro_board_init.c.o
 .debug_line    0x0000000000003e1e      0x7ed ./Debug/ASF_common_utils_interrupt_interrupt_sam_nvic.c.o
 .debug_line    0x000000000000460b      0x84f ./Debug/ASF_sam0_drivers_system_pinmux_pinmux.c.o
 .debug_line    0x0000000000004e5a      0xcd8 ./Debug/ASF_sam0_drivers_sercom_i2c_i2c_sam0_i2c_master.c.o
 .debug_line    0x0000000000005b32      0xb98 ./Debug/ASF_sam0_drivers_system_clock_clock_samd21_r21_da_clock.c.o
 .debug_line    0x00000000000066ca      0xaa2 ./Debug/ASF_sam0_drivers_system_clock_clock_samd21_r21_da_gclk.c.o
 .debug_line    0x000000000000716c      0x58b ./Debug/ASF_sam0_utils_cmsis_samda1_source_gcc_startup_samda1.c.o

.debug_str      0x0000000000000000    0x8a204
 .debug_str     0x0000000000000000    0x850dd ./Debug/oled_gfx.c.o
                                      0x856be (size before relaxing)
 .debug_str     0x00000000000850dd      0x815 ./Debug/main.c.o
                                      0x8551d (size before relaxing)
 .debug_str     0x00000000000858f2      0x2ba ./Debug/ASF_sam0_drivers_port_port.c.o
                                      0x809d5 (size before relaxing)
 .debug_str     0x0000000000085bac      0x45c ./Debug/ASF_sam0_drivers_sercom_sercom.c.o
                                      0x81c78 (size before relaxing)
 .debug_str     0x0000000000086008       0x6e ./Debug/ASF_sam0_drivers_system_system.c.o
                                      0x80690 (size before relaxing)
 .debug_str     0x0000000000086076      0x11c ./Debug/ASF_sam0_boards_samda1_xplained_pro_board_init.c.o
                                      0x83e99 (size before relaxing)
 .debug_str     0x0000000000086192       0xc2 ./Debug/ASF_common_utils_interrupt_interrupt_sam_nvic.c.o
                                      0x8060b (size before relaxing)
 .debug_str     0x0000000000086254      0x157 ./Debug/ASF_sam0_drivers_system_pinmux_pinmux.c.o
                                      0x80a02 (size before relaxing)
 .debug_str     0x00000000000863ab      0x86f ./Debug/ASF_sam0_drivers_sercom_i2c_i2c_sam0_i2c_master.c.o
                                      0x82591 (size before relaxing)
 .debug_str     0x0000000000086c1a     0x23cd ./Debug/ASF_sam0_drivers_system_clock_clock_samd21_r21_da_clock.c.o
                                      0x836b0 (size before relaxing)
 .debug_str     0x0000000000088fe7      0x2fc ./Debug/ASF_sam0_drivers_system_clock_clock_samd21_r21_da_gclk.c.o
                                      0x8128a (size before relaxing)
 .debug_str     0x00000000000892e3      0xf21 ./Debug/ASF_sam0_utils_cmsis_samda1_source_gcc_startup_samda1.c.o
                                      0x6cdac (size before relaxing)

.debug_frame    0x0000000000000000     0x1254
 .debug_frame   0x0000000000000000      0x298 ./Debug/oled_gfx.c.o
 .debug_frame   0x0000000000000298       0xb0 ./Debug/main.c.o
 .debug_frame   0x0000000000000348       0x70 ./Debug/ASF_sam0_drivers_port_port.c.o
 .debug_frame   0x00000000000003b8       0xf8 ./Debug/ASF_sam0_drivers_sercom_sercom.c.o
 .debug_frame   0x00000000000004b0       0x48 ./Debug/ASF_sam0_drivers_system_system.c.o
 .debug_frame   0x00000000000004f8       0xb0 ./Debug/ASF_sam0_boards_samda1_xplained_pro_board_init.c.o
 .debug_frame   0x00000000000005a8       0x4c ./Debug/ASF_common_utils_interrupt_interrupt_sam_nvic.c.o
 .debug_frame   0x00000000000005f4       0xb0 ./Debug/ASF_sam0_drivers_system_pinmux_pinmux.c.o
 .debug_frame   0x00000000000006a4      0x310 ./Debug/ASF_sam0_drivers_sercom_i2c_i2c_sam0_i2c_master.c.o
 .debug_frame   0x00000000000009b4      0x2a4 ./Debug/ASF_sam0_drivers_system_clock_clock_samd21_r21_da_clock.c.o
 .debug_frame   0x0000000000000c58      0x220 ./Debug/ASF_sam0_drivers_system_clock_clock_samd21_r21_da_gclk.c.o
 .debug_frame   0x0000000000000e78       0x4c ./Debug/ASF_sam0_utils_cmsis_samda1_source_gcc_startup_samda1.c.o
 .debug_frame   0x0000000000000ec4       0x20 /opt/arm-none-eabi/bin/../lib/gcc/arm-none-eabi/5.3.1/armv6-m/libgcc.a(_udivsi3.o)
 .debug_frame   0x0000000000000ee4       0x28 /opt/arm-none-eabi/bin/../lib/gcc/arm-none-eabi/5.3.1/armv6-m/libgcc.a(_fixunssfsi.o)
 .debug_frame   0x0000000000000f0c       0x30 /opt/arm-none-eabi/bin/../lib/gcc/arm-none-eabi/5.3.1/armv6-m/libgcc.a(addsf3.o)
 .debug_frame   0x0000000000000f3c       0x3c /opt/arm-none-eabi/bin/../lib/gcc/arm-none-eabi/5.3.1/armv6-m/libgcc.a(divsf3.o)
 .debug_frame   0x0000000000000f78       0x2c /opt/arm-none-eabi/bin/../lib/gcc/arm-none-eabi/5.3.1/armv6-m/libgcc.a(eqsf2.o)
 .debug_frame   0x0000000000000fa4       0x30 /opt/arm-none-eabi/bin/../lib/gcc/arm-none-eabi/5.3.1/armv6-m/libgcc.a(gesf2.o)
 .debug_frame   0x0000000000000fd4       0x30 /opt/arm-none-eabi/bin/../lib/gcc/arm-none-eabi/5.3.1/armv6-m/libgcc.a(lesf2.o)
 .debug_frame   0x0000000000001004       0x38 /opt/arm-none-eabi/bin/../lib/gcc/arm-none-eabi/5.3.1/armv6-m/libgcc.a(mulsf3.o)
 .debug_frame   0x000000000000103c       0x30 /opt/arm-none-eabi/bin/../lib/gcc/arm-none-eabi/5.3.1/armv6-m/libgcc.a(subsf3.o)
 .debug_frame   0x000000000000106c       0x20 /opt/arm-none-eabi/bin/../lib/gcc/arm-none-eabi/5.3.1/armv6-m/libgcc.a(fixsfsi.o)
 .debug_frame   0x000000000000108c       0x2c /opt/arm-none-eabi/bin/../lib/gcc/arm-none-eabi/5.3.1/armv6-m/libgcc.a(floatsisf.o)
 .debug_frame   0x00000000000010b8       0x2c /opt/arm-none-eabi/bin/../lib/gcc/arm-none-eabi/5.3.1/armv6-m/libgcc.a(floatunsisf.o)
 .debug_frame   0x00000000000010e4       0x3c /opt/arm-none-eabi/bin/../lib/gcc/arm-none-eabi/5.3.1/armv6-m/libgcc.a(adddf3.o)
 .debug_frame   0x0000000000001120       0x3c /opt/arm-none-eabi/bin/../lib/gcc/arm-none-eabi/5.3.1/armv6-m/libgcc.a(divdf3.o)
 .debug_frame   0x000000000000115c       0x3c /opt/arm-none-eabi/bin/../lib/gcc/arm-none-eabi/5.3.1/armv6-m/libgcc.a(muldf3.o)
 .debug_frame   0x0000000000001198       0x38 /opt/arm-none-eabi/bin/../lib/gcc/arm-none-eabi/5.3.1/armv6-m/libgcc.a(subdf3.o)
 .debug_frame   0x00000000000011d0       0x2c /opt/arm-none-eabi/bin/../lib/gcc/arm-none-eabi/5.3.1/armv6-m/libgcc.a(fixdfsi.o)
 .debug_frame   0x00000000000011fc       0x2c /opt/arm-none-eabi/bin/../lib/gcc/arm-none-eabi/5.3.1/armv6-m/libgcc.a(floatunsidf.o)
 .debug_frame   0x0000000000001228       0x2c /opt/arm-none-eabi/bin/../lib/gcc/arm-none-eabi/5.3.1/../../../../arm-none-eabi/lib/armv6-m/libc_nano.a(lib_a-init.o)

Cross Reference Table

Symbol                                            File
AC_Handler                                        ./Debug/ASF_sam0_utils_cmsis_samda1_source_gcc_startup_samda1.c.o
ADC_Handler                                       ./Debug/ASF_sam0_utils_cmsis_samda1_source_gcc_startup_samda1.c.o
ADC_init                                          ./Debug/main.c.o
DAC_Handler                                       ./Debug/ASF_sam0_utils_cmsis_samda1_source_gcc_startup_samda1.c.o
DMAC_Handler                                      ./Debug/ASF_sam0_utils_cmsis_samda1_source_gcc_startup_samda1.c.o
Dummy_Handler                                     ./Debug/ASF_sam0_utils_cmsis_samda1_source_gcc_startup_samda1.c.o
EIC_Handler                                       ./Debug/ASF_sam0_utils_cmsis_samda1_source_gcc_startup_samda1.c.o
EVSYS_Handler                                     ./Debug/ASF_sam0_utils_cmsis_samda1_source_gcc_startup_samda1.c.o
HardFault_Handler                                 ./Debug/ASF_sam0_utils_cmsis_samda1_source_gcc_startup_samda1.c.o
I2S_Handler                                       ./Debug/ASF_sam0_utils_cmsis_samda1_source_gcc_startup_samda1.c.o
NMI_Handler                                       ./Debug/ASF_sam0_utils_cmsis_samda1_source_gcc_startup_samda1.c.o
NVMCTRL_Handler                                   ./Debug/ASF_sam0_utils_cmsis_samda1_source_gcc_startup_samda1.c.o
OLED_BUTTON                                       ./Debug/oled_gfx.c.o
                                                  ./Debug/main.c.o
OLED_CIRCLE                                       ./Debug/oled_gfx.c.o
OLED_CLR                                          ./Debug/oled_gfx.c.o
                                                  ./Debug/main.c.o
OLED_FONT_SETUP                                   ./Debug/oled_gfx.c.o
                                                  ./Debug/main.c.o
OLED_INT                                          ./Debug/oled_gfx.c.o
OLED_TIC_UPDATE                                   ./Debug/oled_gfx.c.o
                                                  ./Debug/main.c.o
OLED_UPDATE                                       ./Debug/oled_gfx.c.o
OLED_bar_graph                                    ./Debug/oled_gfx.c.o
                                                  ./Debug/main.c.o
OLED_bin_print                                    ./Debug/oled_gfx.c.o
OLED_data_packet                                  ./Debug/oled_gfx.c.o
OLED_hex_print                                    ./Debug/oled_gfx.c.o
OLED_line                                         ./Debug/oled_gfx.c.o
OLED_setup                                        ./Debug/oled_gfx.c.o
                                                  ./Debug/main.c.o
PM_Handler                                        ./Debug/ASF_sam0_utils_cmsis_samda1_source_gcc_startup_samda1.c.o
PTC_Handler                                       ./Debug/ASF_sam0_utils_cmsis_samda1_source_gcc_startup_samda1.c.o
PendSV_Handler                                    ./Debug/ASF_sam0_utils_cmsis_samda1_source_gcc_startup_samda1.c.o
RTC_Handler                                       ./Debug/ASF_sam0_utils_cmsis_samda1_source_gcc_startup_samda1.c.o
Reset_Handler                                     ./Debug/ASF_sam0_utils_cmsis_samda1_source_gcc_startup_samda1.c.o
SERCOM0_Handler                                   ./Debug/ASF_sam0_utils_cmsis_samda1_source_gcc_startup_samda1.c.o
SERCOM1_Handler                                   ./Debug/ASF_sam0_utils_cmsis_samda1_source_gcc_startup_samda1.c.o
SERCOM2_Handler                                   ./Debug/ASF_sam0_utils_cmsis_samda1_source_gcc_startup_samda1.c.o
SERCOM3_Handler                                   ./Debug/ASF_sam0_utils_cmsis_samda1_source_gcc_startup_samda1.c.o
SERCOM4_Handler                                   ./Debug/ASF_sam0_utils_cmsis_samda1_source_gcc_startup_samda1.c.o
SERCOM5_Handler                                   ./Debug/ASF_sam0_utils_cmsis_samda1_source_gcc_startup_samda1.c.o
SVC_Handler                                       ./Debug/ASF_sam0_utils_cmsis_samda1_source_gcc_startup_samda1.c.o
SYSCTRL_Handler                                   ./Debug/ASF_sam0_utils_cmsis_samda1_source_gcc_startup_samda1.c.o
SysTick_Handler                                   ./Debug/ASF_sam0_utils_cmsis_samda1_source_gcc_startup_samda1.c.o
SystemCoreClock                                   ./Debug/ASF_sam0_utils_cmsis_samda1_source_system_samda1.c.o
SystemCoreClockUpdate                             ./Debug/ASF_sam0_utils_cmsis_samda1_source_system_samda1.c.o
SystemInit                                        ./Debug/ASF_sam0_utils_cmsis_samda1_source_system_samda1.c.o
TC3_Handler                                       ./Debug/ASF_sam0_utils_cmsis_samda1_source_gcc_startup_samda1.c.o
TC4_Handler                                       ./Debug/ASF_sam0_utils_cmsis_samda1_source_gcc_startup_samda1.c.o
TC5_Handler                                       ./Debug/ASF_sam0_utils_cmsis_samda1_source_gcc_startup_samda1.c.o
TC6_Handler                                       ./Debug/ASF_sam0_utils_cmsis_samda1_source_gcc_startup_samda1.c.o
TC7_Handler                                       ./Debug/ASF_sam0_utils_cmsis_samda1_source_gcc_startup_samda1.c.o
TCC0_Handler                                      ./Debug/ASF_sam0_utils_cmsis_samda1_source_gcc_startup_samda1.c.o
TCC1_Handler                                      ./Debug/ASF_sam0_utils_cmsis_samda1_source_gcc_startup_samda1.c.o
TCC2_Handler                                      ./Debug/ASF_sam0_utils_cmsis_samda1_source_gcc_startup_samda1.c.o
USB_Handler                                       ./Debug/ASF_sam0_utils_cmsis_samda1_source_gcc_startup_samda1.c.o
WDT_Handler                                       ./Debug/ASF_sam0_utils_cmsis_samda1_source_gcc_startup_samda1.c.o
_Jv_RegisterClasses                               /opt/arm-none-eabi/bin/../lib/gcc/arm-none-eabi/5.3.1/armv6-m/crtbegin.o
__aeabi_cdcmpeq                                   /opt/arm-none-eabi/bin/../lib/gcc/arm-none-eabi/5.3.1/armv6-m/libgcc.a(_arm_cmpdf2.o)
__aeabi_cdcmple                                   /opt/arm-none-eabi/bin/../lib/gcc/arm-none-eabi/5.3.1/armv6-m/libgcc.a(_arm_cmpdf2.o)
__aeabi_cdrcmple                                  /opt/arm-none-eabi/bin/../lib/gcc/arm-none-eabi/5.3.1/armv6-m/libgcc.a(_arm_cmpdf2.o)
__aeabi_cfcmpeq                                   /opt/arm-none-eabi/bin/../lib/gcc/arm-none-eabi/5.3.1/armv6-m/libgcc.a(_arm_cmpsf2.o)
__aeabi_cfcmple                                   /opt/arm-none-eabi/bin/../lib/gcc/arm-none-eabi/5.3.1/armv6-m/libgcc.a(_arm_cmpsf2.o)
__aeabi_cfrcmple                                  /opt/arm-none-eabi/bin/../lib/gcc/arm-none-eabi/5.3.1/armv6-m/libgcc.a(_arm_cmpsf2.o)
__aeabi_d2iz                                      /opt/arm-none-eabi/bin/../lib/gcc/arm-none-eabi/5.3.1/armv6-m/libgcc.a(fixdfsi.o)
                                                  /opt/arm-none-eabi/bin/../lib/gcc/arm-none-eabi/5.3.1/armv6-m/libgcc.a(_fixunsdfsi.o)
                                                  ./Debug/ASF_sam0_drivers_sercom_i2c_i2c_sam0_i2c_master.c.o
__aeabi_d2uiz                                     /opt/arm-none-eabi/bin/../lib/gcc/arm-none-eabi/5.3.1/armv6-m/libgcc.a(_fixunsdfsi.o)
                                                  ./Debug/main.c.o
__aeabi_dadd                                      /opt/arm-none-eabi/bin/../lib/gcc/arm-none-eabi/5.3.1/armv6-m/libgcc.a(adddf3.o)
                                                  ./Debug/ASF_sam0_drivers_sercom_i2c_i2c_sam0_i2c_master.c.o
__aeabi_dcmpeq                                    /opt/arm-none-eabi/bin/../lib/gcc/arm-none-eabi/5.3.1/armv6-m/libgcc.a(_arm_cmpdf2.o)
__aeabi_dcmpge                                    /opt/arm-none-eabi/bin/../lib/gcc/arm-none-eabi/5.3.1/armv6-m/libgcc.a(_arm_cmpdf2.o)
                                                  /opt/arm-none-eabi/bin/../lib/gcc/arm-none-eabi/5.3.1/armv6-m/libgcc.a(_fixunsdfsi.o)
__aeabi_dcmpgt                                    /opt/arm-none-eabi/bin/../lib/gcc/arm-none-eabi/5.3.1/armv6-m/libgcc.a(_arm_cmpdf2.o)
__aeabi_dcmple                                    /opt/arm-none-eabi/bin/../lib/gcc/arm-none-eabi/5.3.1/armv6-m/libgcc.a(_arm_cmpdf2.o)
__aeabi_dcmplt                                    /opt/arm-none-eabi/bin/../lib/gcc/arm-none-eabi/5.3.1/armv6-m/libgcc.a(_arm_cmpdf2.o)
__aeabi_ddiv                                      /opt/arm-none-eabi/bin/../lib/gcc/arm-none-eabi/5.3.1/armv6-m/libgcc.a(divdf3.o)
                                                  ./Debug/ASF_sam0_drivers_sercom_i2c_i2c_sam0_i2c_master.c.o
                                                  ./Debug/main.c.o
__aeabi_dmul                                      /opt/arm-none-eabi/bin/../lib/gcc/arm-none-eabi/5.3.1/armv6-m/libgcc.a(muldf3.o)
                                                  ./Debug/ASF_sam0_drivers_sercom_i2c_i2c_sam0_i2c_master.c.o
__aeabi_dsub                                      /opt/arm-none-eabi/bin/../lib/gcc/arm-none-eabi/5.3.1/armv6-m/libgcc.a(subdf3.o)
                                                  /opt/arm-none-eabi/bin/../lib/gcc/arm-none-eabi/5.3.1/armv6-m/libgcc.a(_fixunsdfsi.o)
                                                  ./Debug/ASF_sam0_drivers_sercom_i2c_i2c_sam0_i2c_master.c.o
__aeabi_f2iz                                      /opt/arm-none-eabi/bin/../lib/gcc/arm-none-eabi/5.3.1/armv6-m/libgcc.a(fixsfsi.o)
                                                  /opt/arm-none-eabi/bin/../lib/gcc/arm-none-eabi/5.3.1/armv6-m/libgcc.a(_fixunssfsi.o)
                                                  ./Debug/oled_gfx.c.o
__aeabi_f2uiz                                     /opt/arm-none-eabi/bin/../lib/gcc/arm-none-eabi/5.3.1/armv6-m/libgcc.a(_fixunssfsi.o)
                                                  ./Debug/oled_gfx.c.o
__aeabi_fadd                                      /opt/arm-none-eabi/bin/../lib/gcc/arm-none-eabi/5.3.1/armv6-m/libgcc.a(addsf3.o)
                                                  ./Debug/oled_gfx.c.o
__aeabi_fcmpeq                                    /opt/arm-none-eabi/bin/../lib/gcc/arm-none-eabi/5.3.1/armv6-m/libgcc.a(_arm_cmpsf2.o)
__aeabi_fcmpge                                    /opt/arm-none-eabi/bin/../lib/gcc/arm-none-eabi/5.3.1/armv6-m/libgcc.a(_arm_cmpsf2.o)
                                                  /opt/arm-none-eabi/bin/../lib/gcc/arm-none-eabi/5.3.1/armv6-m/libgcc.a(_fixunssfsi.o)
                                                  ./Debug/oled_gfx.c.o
__aeabi_fcmpgt                                    /opt/arm-none-eabi/bin/../lib/gcc/arm-none-eabi/5.3.1/armv6-m/libgcc.a(_arm_cmpsf2.o)
__aeabi_fcmple                                    /opt/arm-none-eabi/bin/../lib/gcc/arm-none-eabi/5.3.1/armv6-m/libgcc.a(_arm_cmpsf2.o)
                                                  ./Debug/oled_gfx.c.o
__aeabi_fcmplt                                    /opt/arm-none-eabi/bin/../lib/gcc/arm-none-eabi/5.3.1/armv6-m/libgcc.a(_arm_cmpsf2.o)
__aeabi_fdiv                                      /opt/arm-none-eabi/bin/../lib/gcc/arm-none-eabi/5.3.1/armv6-m/libgcc.a(divsf3.o)
                                                  ./Debug/oled_gfx.c.o
__aeabi_fmul                                      /opt/arm-none-eabi/bin/../lib/gcc/arm-none-eabi/5.3.1/armv6-m/libgcc.a(mulsf3.o)
                                                  ./Debug/oled_gfx.c.o
__aeabi_fsub                                      /opt/arm-none-eabi/bin/../lib/gcc/arm-none-eabi/5.3.1/armv6-m/libgcc.a(subsf3.o)
                                                  /opt/arm-none-eabi/bin/../lib/gcc/arm-none-eabi/5.3.1/armv6-m/libgcc.a(_fixunssfsi.o)
__aeabi_i2d                                       /opt/arm-none-eabi/bin/../lib/gcc/arm-none-eabi/5.3.1/armv6-m/libgcc.a(floatsidf.o)
                                                  ./Debug/main.c.o
__aeabi_i2f                                       /opt/arm-none-eabi/bin/../lib/gcc/arm-none-eabi/5.3.1/armv6-m/libgcc.a(floatsisf.o)
                                                  ./Debug/oled_gfx.c.o
__aeabi_idiv                                      /opt/arm-none-eabi/bin/../lib/gcc/arm-none-eabi/5.3.1/armv6-m/libgcc.a(_divsi3.o)
                                                  ./Debug/oled_gfx.c.o
__aeabi_idiv0                                     /opt/arm-none-eabi/bin/../lib/gcc/arm-none-eabi/5.3.1/armv6-m/libgcc.a(_dvmd_tls.o)
                                                  /opt/arm-none-eabi/bin/../lib/gcc/arm-none-eabi/5.3.1/armv6-m/libgcc.a(_divsi3.o)
                                                  /opt/arm-none-eabi/bin/../lib/gcc/arm-none-eabi/5.3.1/armv6-m/libgcc.a(_udivsi3.o)
__aeabi_idivmod                                   /opt/arm-none-eabi/bin/../lib/gcc/arm-none-eabi/5.3.1/armv6-m/libgcc.a(_divsi3.o)
                                                  ./Debug/oled_gfx.c.o
__aeabi_ldiv0                                     /opt/arm-none-eabi/bin/../lib/gcc/arm-none-eabi/5.3.1/armv6-m/libgcc.a(_dvmd_tls.o)
__aeabi_lmul                                      /opt/arm-none-eabi/bin/../lib/gcc/arm-none-eabi/5.3.1/armv6-m/libgcc.a(_muldi3.o)
                                                  ./Debug/ASF_sam0_drivers_sercom_sercom.c.o
__aeabi_ui2d                                      /opt/arm-none-eabi/bin/../lib/gcc/arm-none-eabi/5.3.1/armv6-m/libgcc.a(floatunsidf.o)
                                                  ./Debug/ASF_sam0_drivers_sercom_i2c_i2c_sam0_i2c_master.c.o
__aeabi_ui2f                                      /opt/arm-none-eabi/bin/../lib/gcc/arm-none-eabi/5.3.1/armv6-m/libgcc.a(floatunsisf.o)
                                                  ./Debug/oled_gfx.c.o
__aeabi_uidiv                                     /opt/arm-none-eabi/bin/../lib/gcc/arm-none-eabi/5.3.1/armv6-m/libgcc.a(_udivsi3.o)
                                                  /opt/arm-none-eabi/bin/../lib/gcc/arm-none-eabi/5.3.1/armv6-m/libgcc.a(divdf3.o)
                                                  ./Debug/ASF_sam0_drivers_system_clock_clock_samd21_r21_da_gclk.c.o
                                                  ./Debug/ASF_sam0_drivers_system_clock_clock_samd21_r21_da_clock.c.o
                                                  ./Debug/ASF_sam0_drivers_sercom_i2c_i2c_sam0_i2c_master.c.o
__aeabi_uidivmod                                  /opt/arm-none-eabi/bin/../lib/gcc/arm-none-eabi/5.3.1/armv6-m/libgcc.a(_udivsi3.o)
                                                  /opt/arm-none-eabi/bin/../lib/gcc/arm-none-eabi/5.3.1/armv6-m/libgcc.a(divdf3.o)
__bss_end__                                       /opt/arm-none-eabi/bin/../lib/gcc/arm-none-eabi/5.3.1/../../../../arm-none-eabi/lib/armv6-m/crt0.o
__bss_start__                                     /opt/arm-none-eabi/bin/../lib/gcc/arm-none-eabi/5.3.1/../../../../arm-none-eabi/lib/armv6-m/crt0.o
__call_exitprocs                                  /opt/arm-none-eabi/bin/../lib/gcc/arm-none-eabi/5.3.1/../../../../arm-none-eabi/lib/armv6-m/libc_nano.a(lib_a-exit.o)
__clzsi2                                          /opt/arm-none-eabi/bin/../lib/gcc/arm-none-eabi/5.3.1/armv6-m/libgcc.a(_clzsi2.o)
                                                  /opt/arm-none-eabi/bin/../lib/gcc/arm-none-eabi/5.3.1/armv6-m/libgcc.a(floatunsidf.o)
                                                  /opt/arm-none-eabi/bin/../lib/gcc/arm-none-eabi/5.3.1/armv6-m/libgcc.a(floatsidf.o)
                                                  /opt/arm-none-eabi/bin/../lib/gcc/arm-none-eabi/5.3.1/armv6-m/libgcc.a(subdf3.o)
                                                  /opt/arm-none-eabi/bin/../lib/gcc/arm-none-eabi/5.3.1/armv6-m/libgcc.a(muldf3.o)
                                                  /opt/arm-none-eabi/bin/../lib/gcc/arm-none-eabi/5.3.1/armv6-m/libgcc.a(divdf3.o)
                                                  /opt/arm-none-eabi/bin/../lib/gcc/arm-none-eabi/5.3.1/armv6-m/libgcc.a(adddf3.o)
                                                  /opt/arm-none-eabi/bin/../lib/gcc/arm-none-eabi/5.3.1/armv6-m/libgcc.a(floatunsisf.o)
                                                  /opt/arm-none-eabi/bin/../lib/gcc/arm-none-eabi/5.3.1/armv6-m/libgcc.a(floatsisf.o)
                                                  /opt/arm-none-eabi/bin/../lib/gcc/arm-none-eabi/5.3.1/armv6-m/libgcc.a(subsf3.o)
                                                  /opt/arm-none-eabi/bin/../lib/gcc/arm-none-eabi/5.3.1/armv6-m/libgcc.a(mulsf3.o)
                                                  /opt/arm-none-eabi/bin/../lib/gcc/arm-none-eabi/5.3.1/armv6-m/libgcc.a(divsf3.o)
                                                  /opt/arm-none-eabi/bin/../lib/gcc/arm-none-eabi/5.3.1/armv6-m/libgcc.a(addsf3.o)
__deregister_frame_info                           /opt/arm-none-eabi/bin/../lib/gcc/arm-none-eabi/5.3.1/armv6-m/crtbegin.o
__divsi3                                          /opt/arm-none-eabi/bin/../lib/gcc/arm-none-eabi/5.3.1/armv6-m/libgcc.a(_divsi3.o)
__dso_handle                                      /opt/arm-none-eabi/bin/../lib/gcc/arm-none-eabi/5.3.1/armv6-m/crtbegin.o
__eqdf2                                           /opt/arm-none-eabi/bin/../lib/gcc/arm-none-eabi/5.3.1/armv6-m/libgcc.a(eqdf2.o)
                                                  /opt/arm-none-eabi/bin/../lib/gcc/arm-none-eabi/5.3.1/armv6-m/libgcc.a(_arm_cmpdf2.o)
__eqsf2                                           /opt/arm-none-eabi/bin/../lib/gcc/arm-none-eabi/5.3.1/armv6-m/libgcc.a(eqsf2.o)
                                                  /opt/arm-none-eabi/bin/../lib/gcc/arm-none-eabi/5.3.1/armv6-m/libgcc.a(_arm_cmpsf2.o)
__fixunsdfsi                                      /opt/arm-none-eabi/bin/../lib/gcc/arm-none-eabi/5.3.1/armv6-m/libgcc.a(_fixunsdfsi.o)
__fixunssfsi                                      /opt/arm-none-eabi/bin/../lib/gcc/arm-none-eabi/5.3.1/armv6-m/libgcc.a(_fixunssfsi.o)
__gedf2                                           /opt/arm-none-eabi/bin/../lib/gcc/arm-none-eabi/5.3.1/armv6-m/libgcc.a(gedf2.o)
                                                  /opt/arm-none-eabi/bin/../lib/gcc/arm-none-eabi/5.3.1/armv6-m/libgcc.a(_arm_cmpdf2.o)
__gesf2                                           /opt/arm-none-eabi/bin/../lib/gcc/arm-none-eabi/5.3.1/armv6-m/libgcc.a(gesf2.o)
                                                  /opt/arm-none-eabi/bin/../lib/gcc/arm-none-eabi/5.3.1/armv6-m/libgcc.a(_arm_cmpsf2.o)
__gtdf2                                           /opt/arm-none-eabi/bin/../lib/gcc/arm-none-eabi/5.3.1/armv6-m/libgcc.a(gedf2.o)
__gtsf2                                           /opt/arm-none-eabi/bin/../lib/gcc/arm-none-eabi/5.3.1/armv6-m/libgcc.a(gesf2.o)
__init_array_end                                  /opt/arm-none-eabi/bin/../lib/gcc/arm-none-eabi/5.3.1/../../../../arm-none-eabi/lib/armv6-m/libc_nano.a(lib_a-init.o)
__init_array_start                                /opt/arm-none-eabi/bin/../lib/gcc/arm-none-eabi/5.3.1/../../../../arm-none-eabi/lib/armv6-m/libc_nano.a(lib_a-init.o)
__ledf2                                           /opt/arm-none-eabi/bin/../lib/gcc/arm-none-eabi/5.3.1/armv6-m/libgcc.a(ledf2.o)
                                                  /opt/arm-none-eabi/bin/../lib/gcc/arm-none-eabi/5.3.1/armv6-m/libgcc.a(_arm_cmpdf2.o)
__lesf2                                           /opt/arm-none-eabi/bin/../lib/gcc/arm-none-eabi/5.3.1/armv6-m/libgcc.a(lesf2.o)
                                                  /opt/arm-none-eabi/bin/../lib/gcc/arm-none-eabi/5.3.1/armv6-m/libgcc.a(_arm_cmpsf2.o)
__libc_fini_array                                 /opt/arm-none-eabi/bin/../lib/gcc/arm-none-eabi/5.3.1/../../../../arm-none-eabi/lib/armv6-m/crt0.o
__libc_init_array                                 /opt/arm-none-eabi/bin/../lib/gcc/arm-none-eabi/5.3.1/../../../../arm-none-eabi/lib/armv6-m/libc_nano.a(lib_a-init.o)
                                                  ./Debug/ASF_sam0_utils_cmsis_samda1_source_gcc_startup_samda1.c.o
                                                  /opt/arm-none-eabi/bin/../lib/gcc/arm-none-eabi/5.3.1/../../../../arm-none-eabi/lib/armv6-m/crt0.o
__ltdf2                                           /opt/arm-none-eabi/bin/../lib/gcc/arm-none-eabi/5.3.1/armv6-m/libgcc.a(ledf2.o)
__ltsf2                                           /opt/arm-none-eabi/bin/../lib/gcc/arm-none-eabi/5.3.1/armv6-m/libgcc.a(lesf2.o)
__muldi3                                          /opt/arm-none-eabi/bin/../lib/gcc/arm-none-eabi/5.3.1/armv6-m/libgcc.a(_muldi3.o)
__nedf2                                           /opt/arm-none-eabi/bin/../lib/gcc/arm-none-eabi/5.3.1/armv6-m/libgcc.a(eqdf2.o)
__nesf2                                           /opt/arm-none-eabi/bin/../lib/gcc/arm-none-eabi/5.3.1/armv6-m/libgcc.a(eqsf2.o)
__preinit_array_end                               /opt/arm-none-eabi/bin/../lib/gcc/arm-none-eabi/5.3.1/../../../../arm-none-eabi/lib/armv6-m/libc_nano.a(lib_a-init.o)
__preinit_array_start                             /opt/arm-none-eabi/bin/../lib/gcc/arm-none-eabi/5.3.1/../../../../arm-none-eabi/lib/armv6-m/libc_nano.a(lib_a-init.o)
__register_frame_info                             /opt/arm-none-eabi/bin/../lib/gcc/arm-none-eabi/5.3.1/armv6-m/crtbegin.o
__sf_fake_stderr                                  /opt/arm-none-eabi/bin/../lib/gcc/arm-none-eabi/5.3.1/../../../../arm-none-eabi/lib/armv6-m/libc_nano.a(lib_a-impure.o)
__sf_fake_stdin                                   /opt/arm-none-eabi/bin/../lib/gcc/arm-none-eabi/5.3.1/../../../../arm-none-eabi/lib/armv6-m/libc_nano.a(lib_a-impure.o)
__sf_fake_stdout                                  /opt/arm-none-eabi/bin/../lib/gcc/arm-none-eabi/5.3.1/../../../../arm-none-eabi/lib/armv6-m/libc_nano.a(lib_a-impure.o)
__stack                                           /opt/arm-none-eabi/bin/../lib/gcc/arm-none-eabi/5.3.1/../../../../arm-none-eabi/lib/armv6-m/crt0.o
__udivsi3                                         /opt/arm-none-eabi/bin/../lib/gcc/arm-none-eabi/5.3.1/armv6-m/libgcc.a(_udivsi3.o)
_close                                            ./Debug/ASF_sam0_utils_syscalls_gcc_syscalls.c.o
_end                                              ./Debug/ASF_sam0_utils_syscalls_gcc_syscalls.c.o
_erelocate                                        ./Debug/ASF_sam0_utils_cmsis_samda1_source_gcc_startup_samda1.c.o
_estack                                           ./Debug/ASF_sam0_utils_cmsis_samda1_source_gcc_startup_samda1.c.o
_etext                                            ./Debug/ASF_sam0_utils_cmsis_samda1_source_gcc_startup_samda1.c.o
_exit                                             ./Debug/ASF_sam0_utils_syscalls_gcc_syscalls.c.o
                                                  /opt/arm-none-eabi/bin/../lib/gcc/arm-none-eabi/5.3.1/../../../../arm-none-eabi/lib/armv6-m/libc_nano.a(lib_a-exit.o)
_ezero                                            ./Debug/ASF_sam0_utils_cmsis_samda1_source_gcc_startup_samda1.c.o
_fini                                             /opt/arm-none-eabi/bin/../lib/gcc/arm-none-eabi/5.3.1/armv6-m/crti.o
_fstat                                            ./Debug/ASF_sam0_utils_syscalls_gcc_syscalls.c.o
_getpid                                           ./Debug/ASF_sam0_utils_syscalls_gcc_syscalls.c.o
_global_impure_ptr                                /opt/arm-none-eabi/bin/../lib/gcc/arm-none-eabi/5.3.1/../../../../arm-none-eabi/lib/armv6-m/libc_nano.a(lib_a-impure.o)
                                                  /opt/arm-none-eabi/bin/../lib/gcc/arm-none-eabi/5.3.1/../../../../arm-none-eabi/lib/armv6-m/libc_nano.a(lib_a-exit.o)
_i2c_master_address_response                      ./Debug/ASF_sam0_drivers_sercom_i2c_i2c_sam0_i2c_master.c.o
_i2c_master_send_hs_master_code                   ./Debug/ASF_sam0_drivers_sercom_i2c_i2c_sam0_i2c_master.c.o
_i2c_master_wait_for_bus                          ./Debug/ASF_sam0_drivers_sercom_i2c_i2c_sam0_i2c_master.c.o
_impure_ptr                                       /opt/arm-none-eabi/bin/../lib/gcc/arm-none-eabi/5.3.1/../../../../arm-none-eabi/lib/armv6-m/libc_nano.a(lib_a-impure.o)
_init                                             /opt/arm-none-eabi/bin/../lib/gcc/arm-none-eabi/5.3.1/armv6-m/crti.o
                                                  /opt/arm-none-eabi/bin/../lib/gcc/arm-none-eabi/5.3.1/../../../../arm-none-eabi/lib/armv6-m/libc_nano.a(lib_a-init.o)
_isatty                                           ./Debug/ASF_sam0_utils_syscalls_gcc_syscalls.c.o
_kill                                             ./Debug/ASF_sam0_utils_syscalls_gcc_syscalls.c.o
_lseek                                            ./Debug/ASF_sam0_utils_syscalls_gcc_syscalls.c.o
_mainCRTStartup                                   /opt/arm-none-eabi/bin/../lib/gcc/arm-none-eabi/5.3.1/../../../../arm-none-eabi/lib/armv6-m/crt0.o
_sbrk                                             ./Debug/ASF_sam0_utils_syscalls_gcc_syscalls.c.o
_sercom_get_async_baud_val                        ./Debug/ASF_sam0_drivers_sercom_sercom.c.o
_sercom_get_default_pad                           ./Debug/ASF_sam0_drivers_sercom_sercom.c.o
                                                  ./Debug/ASF_sam0_drivers_sercom_i2c_i2c_sam0_i2c_master.c.o
_sercom_get_sercom_inst_index                     ./Debug/ASF_sam0_drivers_sercom_sercom.c.o
                                                  ./Debug/ASF_sam0_drivers_sercom_i2c_i2c_sam0_i2c_master.c.o
_sercom_get_sync_baud_val                         ./Debug/ASF_sam0_drivers_sercom_sercom.c.o
_sfixed                                           ./Debug/ASF_sam0_utils_cmsis_samda1_source_gcc_startup_samda1.c.o
_srelocate                                        ./Debug/ASF_sam0_utils_cmsis_samda1_source_gcc_startup_samda1.c.o
_start                                            /opt/arm-none-eabi/bin/../lib/gcc/arm-none-eabi/5.3.1/../../../../arm-none-eabi/lib/armv6-m/crt0.o
_system_divas_init                                ./Debug/ASF_sam0_drivers_system_system.c.o
_system_dummy_init                                ./Debug/ASF_sam0_drivers_system_system.c.o
_system_events_init                               ./Debug/ASF_sam0_drivers_system_system.c.o
_system_extint_init                               ./Debug/ASF_sam0_drivers_system_system.c.o
_szero                                            ./Debug/ASF_sam0_utils_cmsis_samda1_source_gcc_startup_samda1.c.o
adcReg                                            ./Debug/main.c.o
atexit                                            /opt/arm-none-eabi/bin/../lib/gcc/arm-none-eabi/5.3.1/../../../../arm-none-eabi/lib/armv6-m/crt0.o
board_init                                        ./Debug/ASF_sam0_boards_samda1_xplained_pro_board_init.c.o
clear_packet                                      ./Debug/oled_gfx.c.o
command_buffer                                    ./Debug/oled_gfx.c.o
configure_i2c_master                              ./Debug/oled_gfx.c.o
                                                  ./Debug/main.c.o
cpu_irq_enter_critical                            ./Debug/ASF_common_utils_interrupt_interrupt_sam_nvic.c.o
                                                  ./Debug/ASF_sam0_drivers_system_clock_clock_samd21_r21_da_gclk.c.o
cpu_irq_leave_critical                            ./Debug/ASF_common_utils_interrupt_interrupt_sam_nvic.c.o
                                                  ./Debug/ASF_sam0_drivers_system_clock_clock_samd21_r21_da_gclk.c.o
exception_table                                   ./Debug/ASF_sam0_utils_cmsis_samda1_source_gcc_startup_samda1.c.o
exit                                              /opt/arm-none-eabi/bin/../lib/gcc/arm-none-eabi/5.3.1/../../../../arm-none-eabi/lib/armv6-m/libc_nano.a(lib_a-exit.o)
                                                  /opt/arm-none-eabi/bin/../lib/gcc/arm-none-eabi/5.3.1/../../../../arm-none-eabi/lib/armv6-m/crt0.o
g_interrupt_enabled                               ./Debug/ASF_common_utils_interrupt_interrupt_sam_nvic.c.o
getVoltage                                        ./Debug/main.c.o
hardware_init_hook                                /opt/arm-none-eabi/bin/../lib/gcc/arm-none-eabi/5.3.1/../../../../arm-none-eabi/lib/armv6-m/crt0.o
i2c_master_init                                   ./Debug/ASF_sam0_drivers_sercom_i2c_i2c_sam0_i2c_master.c.o
                                                  ./Debug/oled_gfx.c.o
i2c_master_instance                               ./Debug/oled_gfx.c.o
i2c_master_read_byte                              ./Debug/ASF_sam0_drivers_sercom_i2c_i2c_sam0_i2c_master.c.o
i2c_master_read_packet_wait                       ./Debug/ASF_sam0_drivers_sercom_i2c_i2c_sam0_i2c_master.c.o
i2c_master_read_packet_wait_no_nack               ./Debug/ASF_sam0_drivers_sercom_i2c_i2c_sam0_i2c_master.c.o
i2c_master_read_packet_wait_no_stop               ./Debug/ASF_sam0_drivers_sercom_i2c_i2c_sam0_i2c_master.c.o
i2c_master_reset                                  ./Debug/ASF_sam0_drivers_sercom_i2c_i2c_sam0_i2c_master.c.o
i2c_master_send_nack                              ./Debug/ASF_sam0_drivers_sercom_i2c_i2c_sam0_i2c_master.c.o
i2c_master_send_stop                              ./Debug/ASF_sam0_drivers_sercom_i2c_i2c_sam0_i2c_master.c.o
i2c_master_write_byte                             ./Debug/ASF_sam0_drivers_sercom_i2c_i2c_sam0_i2c_master.c.o
i2c_master_write_packet_wait                      ./Debug/ASF_sam0_drivers_sercom_i2c_i2c_sam0_i2c_master.c.o
                                                  ./Debug/oled_gfx.c.o
i2c_master_write_packet_wait_no_stop              ./Debug/ASF_sam0_drivers_sercom_i2c_i2c_sam0_i2c_master.c.o
link                                              ./Debug/ASF_sam0_utils_syscalls_gcc_syscalls.c.o
main                                              ./Debug/main.c.o
                                                  ./Debug/ASF_sam0_utils_cmsis_samda1_source_gcc_startup_samda1.c.o
                                                  /opt/arm-none-eabi/bin/../lib/gcc/arm-none-eabi/5.3.1/../../../../arm-none-eabi/lib/armv6-m/crt0.o
memcpy                                            /opt/arm-none-eabi/bin/../lib/gcc/arm-none-eabi/5.3.1/../../../../arm-none-eabi/lib/armv6-m/libc_nano.a(lib_a-memcpy-stub.o)
                                                  ./Debug/oled_gfx.c.o
memset                                            /opt/arm-none-eabi/bin/../lib/gcc/arm-none-eabi/5.3.1/../../../../arm-none-eabi/lib/armv6-m/libc_nano.a(lib_a-memset.o)
                                                  ./Debug/oled_gfx.c.o
                                                  /opt/arm-none-eabi/bin/../lib/gcc/arm-none-eabi/5.3.1/../../../../arm-none-eabi/lib/armv6-m/crt0.o
nudda                                             ./Debug/main.c.o
page                                              ./Debug/oled_gfx.c.o
pageflag                                          ./Debug/oled_gfx.c.o
pass_string                                       ./Debug/oled_gfx.c.o
port_group_set_config                             ./Debug/ASF_sam0_drivers_port_port.c.o
port_pin_set_config                               ./Debug/ASF_sam0_drivers_port_port.c.o
                                                  ./Debug/ASF_sam0_boards_samda1_xplained_pro_board_init.c.o
put_pixel                                         ./Debug/oled_gfx.c.o
screen                                            ./Debug/oled_gfx.c.o
screen_buffer                                     ./Debug/oled_gfx.c.o
sercom_set_gclk_generator                         ./Debug/ASF_sam0_drivers_sercom_sercom.c.o
                                                  ./Debug/ASF_sam0_drivers_sercom_i2c_i2c_sam0_i2c_master.c.o
software_init_hook                                /opt/arm-none-eabi/bin/../lib/gcc/arm-none-eabi/5.3.1/../../../../arm-none-eabi/lib/armv6-m/crt0.o
strlen                                            /opt/arm-none-eabi/bin/../lib/gcc/arm-none-eabi/5.3.1/../../../../arm-none-eabi/lib/armv6-m/libc_nano.a(lib_a-strlen.o)
                                                  ./Debug/oled_gfx.c.o
system_board_init                                 ./Debug/ASF_sam0_boards_samda1_xplained_pro_board_init.c.o
                                                  ./Debug/ASF_sam0_drivers_system_system.c.o
system_clock_init                                 ./Debug/ASF_sam0_drivers_system_clock_clock_samd21_r21_da_clock.c.o
                                                  ./Debug/ASF_sam0_drivers_system_system.c.o
system_clock_source_dfll_set_config               ./Debug/ASF_sam0_drivers_system_clock_clock_samd21_r21_da_clock.c.o
system_clock_source_disable                       ./Debug/ASF_sam0_drivers_system_clock_clock_samd21_r21_da_clock.c.o
system_clock_source_dpll_set_config               ./Debug/ASF_sam0_drivers_system_clock_clock_samd21_r21_da_clock.c.o
system_clock_source_enable                        ./Debug/ASF_sam0_drivers_system_clock_clock_samd21_r21_da_clock.c.o
system_clock_source_get_hz                        ./Debug/ASF_sam0_drivers_system_clock_clock_samd21_r21_da_clock.c.o
                                                  ./Debug/ASF_sam0_drivers_system_clock_clock_samd21_r21_da_gclk.c.o
system_clock_source_is_ready                      ./Debug/ASF_sam0_drivers_system_clock_clock_samd21_r21_da_clock.c.o
system_clock_source_osc32k_set_config             ./Debug/ASF_sam0_drivers_system_clock_clock_samd21_r21_da_clock.c.o
system_clock_source_osc8m_set_config              ./Debug/ASF_sam0_drivers_system_clock_clock_samd21_r21_da_clock.c.o
system_clock_source_write_calibration             ./Debug/ASF_sam0_drivers_system_clock_clock_samd21_r21_da_clock.c.o
system_clock_source_xosc32k_set_config            ./Debug/ASF_sam0_drivers_system_clock_clock_samd21_r21_da_clock.c.o
system_clock_source_xosc_set_config               ./Debug/ASF_sam0_drivers_system_clock_clock_samd21_r21_da_clock.c.o
system_gclk_chan_disable                          ./Debug/ASF_sam0_drivers_system_clock_clock_samd21_r21_da_gclk.c.o
system_gclk_chan_enable                           ./Debug/ASF_sam0_drivers_system_clock_clock_samd21_r21_da_gclk.c.o
                                                  ./Debug/ASF_sam0_drivers_sercom_i2c_i2c_sam0_i2c_master.c.o
                                                  ./Debug/ASF_sam0_drivers_sercom_sercom.c.o
system_gclk_chan_get_hz                           ./Debug/ASF_sam0_drivers_system_clock_clock_samd21_r21_da_gclk.c.o
                                                  ./Debug/ASF_sam0_drivers_system_clock_clock_samd21_r21_da_clock.c.o
                                                  ./Debug/ASF_sam0_drivers_sercom_i2c_i2c_sam0_i2c_master.c.o
system_gclk_chan_is_enabled                       ./Debug/ASF_sam0_drivers_system_clock_clock_samd21_r21_da_gclk.c.o
system_gclk_chan_is_locked                        ./Debug/ASF_sam0_drivers_system_clock_clock_samd21_r21_da_gclk.c.o
system_gclk_chan_lock                             ./Debug/ASF_sam0_drivers_system_clock_clock_samd21_r21_da_gclk.c.o
system_gclk_chan_set_config                       ./Debug/ASF_sam0_drivers_system_clock_clock_samd21_r21_da_gclk.c.o
                                                  ./Debug/ASF_sam0_drivers_system_clock_clock_samd21_r21_da_clock.c.o
                                                  ./Debug/ASF_sam0_drivers_sercom_i2c_i2c_sam0_i2c_master.c.o
                                                  ./Debug/ASF_sam0_drivers_sercom_sercom.c.o
system_gclk_gen_disable                           ./Debug/ASF_sam0_drivers_system_clock_clock_samd21_r21_da_gclk.c.o